#
# There is insufficient memory for the Java Runtime Environment to continue.
# Native memory allocation (mmap) failed to map 38797312 bytes for Failed to commit area from 0x00000000f4a00000 to 0x00000000f6f00000 of length 38797312.
# Possible reasons:
#   The system is out of physical RAM or swap space
#   The process is running with CompressedOops enabled, and the Java Heap may be blocking the growth of the native heap
# Possible solutions:
#   Reduce memory load on the system
#   Increase physical memory or swap space
#   Check if swap backing store is full
#   Decrease Java heap size (-Xmx/-Xms)
#   Decrease number of Java threads
#   Decrease Java thread stack sizes (-Xss)
#   Set larger code cache with -XX:ReservedCodeCacheSize=
#   JVM is running with Unscaled Compressed Oops mode in which the Java heap is
#     placed in the first 4GB address space. The Java Heap base address is the
#     maximum limit for the native heap growth. Please use -XX:HeapBaseMinAddress
#     to set the Java Heap base and to place the Java Heap above 4GB virtual address.
# This output file may be truncated or incomplete.
#
#  Out of Memory Error (./open/src/hotspot/os/windows/os_windows.cpp:3298), pid=41444, tid=36904
#
# JRE version: Java(TM) SE Runtime Environment 18.9 (11.0.22+9) (build 11.0.22+9-LTS-219)
# Java VM: Java HotSpot(TM) 64-Bit Server VM 18.9 (11.0.22+9-LTS-219, mixed mode, tiered, compressed oops, g1 gc, windows-amd64)
# No core dump will be written. Minidumps are not enabled by default on client versions of Windows
#

---------------  S U M M A R Y ------------

Command Line: --add-opens=java.base/java.util=ALL-UNNAMED --add-opens=java.base/java.lang=ALL-UNNAMED --add-opens=java.base/java.lang.invoke=ALL-UNNAMED --add-opens=java.prefs/java.util.prefs=ALL-UNNAMED -XX:MaxMetaspaceSize=256m -XX:+HeapDumpOnOutOfMemoryError -Xms256m -Xmx512m -Dfile.encoding=windows-1252 -Duser.country=ES -Duser.language=es -Duser.variant org.gradle.launcher.daemon.bootstrap.GradleDaemon 6.5

Host: 12th Gen Intel(R) Core(TM) i7-1255U, 12 cores, 15G,  Windows 11 , 64 bit Build 22621 (10.0.22621.3672)
Time: Tue Jul  2 17:04:41 2024 Hora de verano romance elapsed time: 140.303667 seconds (0d 0h 2m 20s)

---------------  T H R E A D  ---------------

Current thread (0x000002261bdfc000):  VMThread "VM Thread" [stack: 0x000000e448f00000,0x000000e449000000] [id=36904]

Stack: [0x000000e448f00000,0x000000e449000000]
[error occurred during error reporting (printing stack bounds), id 0xc0000005, EXCEPTION_ACCESS_VIOLATION (0xc0000005) at pc=0x0000022608a30f2d]

Native frames: (J=compiled Java code, j=interpreted, Vv=VM code, C=native code)
V  [jvm.dll+0x66055a]
V  [jvm.dll+0x7a367f]
V  [jvm.dll+0x7a4d49]
V  [jvm.dll+0x7a5345]
V  [jvm.dll+0x7a52fb]
V  [jvm.dll+0x65fa63]
V  [jvm.dll+0x660158]
C  [ntdll.dll+0xa504f]
C  [ntdll.dll+0x1e866]
C  [ntdll.dll+0xa403e]
C  0x0000022608a30f2d

VM_Operation (0x000000e44c2fa1d0): G1CollectForAllocation, mode: safepoint, requested by thread 0x0000022620368000


---------------  P R O C E S S  ---------------

Threads class SMR info:
_java_thread_list=0x0000022622800320, length=73, elements={
0x000002267fdc0000, 0x000002261bdfe000, 0x000002261c630800, 0x000002261be2e800,
0x000002261c683800, 0x000002261c686000, 0x000002261c689800, 0x000002261c68a800,
0x000002261c68c800, 0x000002261c7fb000, 0x000002261d8a2000, 0x000002261c8fa800,
0x000002261cd18800, 0x000002261d65c800, 0x000002261dda2000, 0x000002261e06c800,
0x000002261d9a9800, 0x000002261d808800, 0x000002261d661800, 0x000002261d663000,
0x000002261d660000, 0x000002261d664000, 0x000002261d65e800, 0x000002262035e000,
0x000002262035f800, 0x0000022620360800, 0x0000022620364800, 0x000002262035f000,
0x0000022620365800, 0x0000022620367000, 0x0000022620361800, 0x0000022620368000,
0x0000022620362000, 0x000002262036c000, 0x0000022620368800, 0x000002262036c800,
0x0000022620369800, 0x000002262036a800, 0x000002262036b000, 0x000002261ff79800,
0x0000022620b20000, 0x0000022620b26000, 0x0000022620b27800, 0x0000022620b22000,
0x0000022620b22800, 0x0000022620b23800, 0x0000022620b24800, 0x0000022620b25000,
0x0000022620b26800, 0x000002261f672800, 0x000002261f671000, 0x000002261f66f000,
0x000002261f671800, 0x000002261f66e800, 0x000002261f66c800, 0x000002261f673000,
0x000002261f674000, 0x000002261f675000, 0x000002261f675800, 0x000002261f66d800,
0x000002261f670000, 0x000002261d809000, 0x000002261f676800, 0x000002261f67a000,
0x000002261f67a800, 0x000002261f67b800, 0x000002261f677800, 0x000002261f678000,
0x0000022624a91800, 0x0000022624a95800, 0x0000022624a92800, 0x0000022624a93800,
0x0000022624a90000
}

Java Threads: ( => current thread )
  0x000002267fdc0000 JavaThread "main" [_thread_blocked, id=11412, stack(0x000000e448900000,0x000000e448a00000)]
  0x000002261bdfe000 JavaThread "Reference Handler" daemon [_thread_blocked, id=25668, stack(0x000000e449000000,0x000000e449100000)]
  0x000002261c630800 JavaThread "Finalizer" daemon [_thread_blocked, id=23440, stack(0x000000e449100000,0x000000e449200000)]
  0x000002261be2e800 JavaThread "Signal Dispatcher" daemon [_thread_blocked, id=34576, stack(0x000000e449200000,0x000000e449300000)]
  0x000002261c683800 JavaThread "Attach Listener" daemon [_thread_blocked, id=10604, stack(0x000000e449300000,0x000000e449400000)]
  0x000002261c686000 JavaThread "Service Thread" daemon [_thread_blocked, id=14976, stack(0x000000e449400000,0x000000e449500000)]
  0x000002261c689800 JavaThread "C2 CompilerThread0" daemon [_thread_in_native, id=14876, stack(0x000000e449500000,0x000000e449600000)]
  0x000002261c68a800 JavaThread "C1 CompilerThread0" daemon [_thread_blocked, id=37644, stack(0x000000e449600000,0x000000e449700000)]
  0x000002261c68c800 JavaThread "Sweeper thread" daemon [_thread_blocked, id=20340, stack(0x000000e449700000,0x000000e449800000)]
  0x000002261c7fb000 JavaThread "Common-Cleaner" daemon [_thread_blocked, id=23092, stack(0x000000e449800000,0x000000e449900000)]
  0x000002261d8a2000 JavaThread "Daemon health stats" [_thread_blocked, id=8024, stack(0x000000e449f00000,0x000000e44a000000)]
  0x000002261c8fa800 JavaThread "Incoming local TCP Connector on port 54994" [_thread_in_native, id=25996, stack(0x000000e44a200000,0x000000e44a300000)]
  0x000002261cd18800 JavaThread "Daemon periodic checks" [_thread_blocked, id=30292, stack(0x000000e44a300000,0x000000e44a400000)]
  0x000002261d65c800 JavaThread "Daemon" [_thread_blocked, id=43296, stack(0x000000e44a400000,0x000000e44a500000)]
  0x000002261dda2000 JavaThread "Handler for socket connection from /127.0.0.1:54994 to /127.0.0.1:58625" [_thread_in_native, id=8968, stack(0x000000e44a500000,0x000000e44a600000)]
  0x000002261e06c800 JavaThread "Cancel handler" [_thread_blocked, id=9304, stack(0x000000e44a600000,0x000000e44a700000)]
  0x000002261d9a9800 JavaThread "Daemon worker" [_thread_blocked, id=26752, stack(0x000000e44a700000,0x000000e44a800000)]
  0x000002261d808800 JavaThread "Asynchronous log dispatcher for DefaultDaemonConnection: socket connection from /127.0.0.1:54994 to /127.0.0.1:58625" [_thread_blocked, id=42924, stack(0x000000e44a800000,0x000000e44a900000)]
  0x000002261d661800 JavaThread "Thread-8" [_thread_blocked, id=4652, stack(0x000000e44aa00000,0x000000e44ab00000)]
  0x000002261d663000 JavaThread "Cache worker for journal cache (C:\Users\valld\.gradle\caches\journal-1)" [_thread_blocked, id=10896, stack(0x000000e44ab00000,0x000000e44ac00000)]
  0x000002261d660000 JavaThread "File lock request listener" [_thread_in_native, id=36152, stack(0x000000e44ac00000,0x000000e44ad00000)]
  0x000002261d664000 JavaThread "Cache worker for file hash cache (C:\Users\valld\.gradle\caches\6.5\fileHashes)" [_thread_blocked, id=29896, stack(0x000000e44b300000,0x000000e44b400000)]
  0x000002261d65e800 JavaThread "Cache worker for file hash cache (C:\treball\desenvolupament\clients\edicards\edicards-apk\.gradle\6.5\fileHashes)" [_thread_blocked, id=13980, stack(0x000000e44b400000,0x000000e44b500000)]
  0x000002262035e000 JavaThread "Cache worker for checksums cache (C:\treball\desenvolupament\clients\edicards\edicards-apk\.gradle\checksums)" [_thread_blocked, id=12788, stack(0x000000e44ba00000,0x000000e44bb00000)]
  0x000002262035f800 JavaThread "Cache worker for cache directory md-supplier (C:\Users\valld\.gradle\caches\6.5\md-supplier)" [_thread_blocked, id=16208, stack(0x000000e44bb00000,0x000000e44bc00000)]
  0x0000022620360800 JavaThread "Cache worker for cache directory md-rule (C:\Users\valld\.gradle\caches\6.5\md-rule)" [_thread_blocked, id=21232, stack(0x000000e44bc00000,0x000000e44bd00000)]
  0x0000022620364800 JavaThread "Cache worker for execution history cache (C:\Users\valld\.gradle\caches\6.5\executionHistory)" [_thread_blocked, id=34784, stack(0x000000e44bd00000,0x000000e44be00000)]
  0x000002262035f000 JavaThread "Cache worker for file content cache (C:\Users\valld\.gradle\caches\6.5\fileContent)" [_thread_blocked, id=26744, stack(0x000000e44be00000,0x000000e44bf00000)]
  0x0000022620365800 JavaThread "Build operations" [_thread_blocked, id=15824, stack(0x000000e44bf00000,0x000000e44c000000)]
  0x0000022620367000 JavaThread "Build operations Thread 2" [_thread_blocked, id=33640, stack(0x000000e44c000000,0x000000e44c100000)]
  0x0000022620361800 JavaThread "Build operations Thread 3" [_thread_blocked, id=32244, stack(0x000000e44c100000,0x000000e44c200000)]
  0x0000022620368000 JavaThread "Build operations Thread 4" [_thread_blocked, id=25448, stack(0x000000e44c200000,0x000000e44c300000)]
  0x0000022620362000 JavaThread "Build operations Thread 5" [_thread_blocked, id=41972, stack(0x000000e44c300000,0x000000e44c400000)]
  0x000002262036c000 JavaThread "Build operations Thread 6" [_thread_blocked, id=37208, stack(0x000000e44c400000,0x000000e44c500000)]
  0x0000022620368800 JavaThread "Build operations Thread 7" [_thread_blocked, id=28144, stack(0x000000e44c500000,0x000000e44c600000)]
  0x000002262036c800 JavaThread "Build operations Thread 8" [_thread_blocked, id=31772, stack(0x000000e44c600000,0x000000e44c700000)]
  0x0000022620369800 JavaThread "Build operations Thread 9" [_thread_blocked, id=18280, stack(0x000000e44c700000,0x000000e44c800000)]
  0x000002262036a800 JavaThread "Build operations Thread 10" [_thread_blocked, id=44340, stack(0x000000e44c800000,0x000000e44c900000)]
  0x000002262036b000 JavaThread "Build operations Thread 11" [_thread_blocked, id=27004, stack(0x000000e44c900000,0x000000e44ca00000)]
  0x000002261ff79800 JavaThread "Build operations Thread 12" [_thread_blocked, id=5824, stack(0x000000e44ca00000,0x000000e44cb00000)]
  0x0000022620b20000 JavaThread "Cache worker for Build Output Cleanup Cache (C:\treball\desenvolupament\clients\edicards\edicards-apk\.gradle\buildOutputCleanup)" [_thread_blocked, id=5856, stack(0x000000e451f00000,0x000000e452000000)]
  0x0000022620b26000 JavaThread "Memory manager" [_thread_blocked, id=41852, stack(0x000000e448700000,0x000000e448800000)]
  0x0000022620b27800 JavaThread "Cache worker for file content cache (C:\treball\desenvolupament\clients\edicards\edicards-apk\.gradle\6.5\fileContent)" [_thread_blocked, id=21704, stack(0x000000e448800000,0x000000e448900000)]
  0x0000022620b22000 JavaThread "Execution worker for ':'" [_thread_blocked, id=45140, stack(0x000000e452100000,0x000000e452200000)]
  0x0000022620b22800 JavaThread "Execution worker for ':' Thread 2" [_thread_blocked, id=15736, stack(0x000000e452200000,0x000000e452300000)]
  0x0000022620b23800 JavaThread "Execution worker for ':' Thread 3" [_thread_blocked, id=6276, stack(0x000000e452300000,0x000000e452400000)]
  0x0000022620b24800 JavaThread "Execution worker for ':' Thread 4" [_thread_blocked, id=12628, stack(0x000000e452400000,0x000000e452500000)]
  0x0000022620b25000 JavaThread "Execution worker for ':' Thread 5" [_thread_blocked, id=35916, stack(0x000000e452500000,0x000000e452600000)]
  0x0000022620b26800 JavaThread "Execution worker for ':' Thread 6" [_thread_blocked, id=19216, stack(0x000000e452600000,0x000000e452700000)]
  0x000002261f672800 JavaThread "Execution worker for ':' Thread 7" [_thread_blocked, id=26096, stack(0x000000e452700000,0x000000e452800000)]
  0x000002261f671000 JavaThread "Execution worker for ':' Thread 8" [_thread_blocked, id=26672, stack(0x000000e452800000,0x000000e452900000)]
  0x000002261f66f000 JavaThread "Execution worker for ':' Thread 9" [_thread_blocked, id=12748, stack(0x000000e452900000,0x000000e452a00000)]
  0x000002261f671800 JavaThread "Execution worker for ':' Thread 10" [_thread_blocked, id=10856, stack(0x000000e452a00000,0x000000e452b00000)]
  0x000002261f66e800 JavaThread "Execution worker for ':' Thread 11" [_thread_blocked, id=33924, stack(0x000000e452b00000,0x000000e452c00000)]
  0x000002261f66c800 JavaThread "Cache worker for execution history cache (C:\treball\desenvolupament\clients\edicards\edicards-apk\.gradle\6.5\executionHistory)" [_thread_blocked, id=37712, stack(0x000000e452c00000,0x000000e452d00000)]
  0x000002261f673000 JavaThread "WorkerExecutor Queue" [_thread_blocked, id=16128, stack(0x000000e452e00000,0x000000e452f00000)]
  0x000002261f674000 JavaThread "pool-2-thread-1" [_thread_blocked, id=23492, stack(0x000000e453000000,0x000000e453100000)]
  0x000002261f675000 JavaThread "stderr" [_thread_in_native, id=11100, stack(0x000000e452000000,0x000000e452100000)]
  0x000002261f675800 JavaThread "stdout" [_thread_in_native, id=16004, stack(0x000000e453100000,0x000000e453200000)]
  0x000002261f66d800 JavaThread "Cache worker for Java compile cache (C:\Users\valld\.gradle\caches\6.5\javaCompile)" [_thread_blocked, id=33852, stack(0x000000e452f00000,0x000000e453000000)]
  0x000002261f670000 JavaThread "Cache worker for Java compile cache (C:\treball\desenvolupament\clients\edicards\edicards-apk\.gradle\6.5\javaCompile)" [_thread_blocked, id=13252, stack(0x000000e453200000,0x000000e453300000)]
  0x000002261d809000 JavaThread "C2 CompilerThread1" daemon [_thread_blocked, id=4040, stack(0x000000e448600000,0x000000e448700000)]
  0x000002261f676800 JavaThread "WorkerExecutor Queue Thread 4" [_thread_blocked, id=22280, stack(0x000000e453500000,0x000000e453600000)]
  0x000002261f67a000 JavaThread "WorkerExecutor Queue Thread 5" [_thread_blocked, id=8160, stack(0x000000e453600000,0x000000e453700000)]
  0x000002261f67a800 JavaThread "WorkerExecutor Queue Thread 6" [_thread_blocked, id=14572, stack(0x000000e453700000,0x000000e453800000)]
  0x000002261f67b800 JavaThread "WorkerExecutor Queue Thread 7" [_thread_blocked, id=30352, stack(0x000000e453800000,0x000000e453900000)]
  0x000002261f677800 JavaThread "WorkerExecutor Queue Thread 8" [_thread_blocked, id=39512, stack(0x000000e453900000,0x000000e453a00000)]
  0x000002261f678000 JavaThread "WorkerExecutor Queue Thread 9" [_thread_blocked, id=42040, stack(0x000000e453a00000,0x000000e453b00000)]
  0x0000022624a91800 JavaThread "WorkerExecutor Queue Thread 10" [_thread_blocked, id=13540, stack(0x000000e453b00000,0x000000e453c00000)]
  0x0000022624a95800 JavaThread "WorkerExecutor Queue Thread 11" [_thread_blocked, id=37960, stack(0x000000e453c00000,0x000000e453d00000)]
  0x0000022624a92800 JavaThread "WorkerExecutor Queue Thread 12" [_thread_blocked, id=43620, stack(0x000000e453d00000,0x000000e453e00000)]
  0x0000022624a93800 JavaThread "WorkerExecutor Queue Thread 13" [_thread_blocked, id=28076, stack(0x000000e453e00000,0x000000e453f00000)]
  0x0000022624a90000 JavaThread "WorkerExecutor Queue Thread 14" [_thread_blocked, id=11548, stack(0x000000e453f00000,0x000000e454000000)]

Other Threads:
=>0x000002261bdfc000 VMThread "VM Thread" [stack: 0x000000e448f00000,0x000000e449000000] [id=36904]
  0x000002261c804800 WatcherThread [stack: 0x000000e449900000,0x000000e449a00000] [id=42140]
  0x000002267fdd5000 GCTaskThread "GC Thread#0" [stack: 0x000000e448a00000,0x000000e448b00000] [id=40972]
  0x000002261d276800 GCTaskThread "GC Thread#1" [stack: 0x000000e449a00000,0x000000e449b00000] [id=9692]
  0x000002261d410800 GCTaskThread "GC Thread#2" [stack: 0x000000e449b00000,0x000000e449c00000] [id=30124]
  0x000002261d456800 GCTaskThread "GC Thread#3" [stack: 0x000000e449c00000,0x000000e449d00000] [id=28300]
  0x000002261d45c800 GCTaskThread "GC Thread#4" [stack: 0x000000e449d00000,0x000000e449e00000] [id=39972]
  0x000002261d238000 GCTaskThread "GC Thread#5" [stack: 0x000000e449e00000,0x000000e449f00000] [id=38804]
  0x000002261d3b8000 GCTaskThread "GC Thread#6" [stack: 0x000000e44ad00000,0x000000e44ae00000] [id=20880]
  0x000002261e111000 GCTaskThread "GC Thread#7" [stack: 0x000000e44ae00000,0x000000e44af00000] [id=29272]
  0x000002261e111800 GCTaskThread "GC Thread#8" [stack: 0x000000e44af00000,0x000000e44b000000] [id=344]
  0x000002261e112000 GCTaskThread "GC Thread#9" [stack: 0x000000e44b000000,0x000000e44b100000] [id=38860]
  0x000002267fde6800 ConcurrentGCThread "G1 Main Marker" [stack: 0x000000e448b00000,0x000000e448c00000] [id=43840]
  0x000002267fde9000 ConcurrentGCThread "G1 Conc#0" [stack: 0x000000e448c00000,0x000000e448d00000] [id=43440]
  0x000002261d4a3800 ConcurrentGCThread "G1 Conc#1" [stack: 0x000000e44b100000,0x000000e44b200000] [id=28260]
  0x000002261d43f000 ConcurrentGCThread "G1 Conc#2" [stack: 0x000000e44b200000,0x000000e44b300000] [id=23176]
  0x000002261bc9a800 ConcurrentGCThread "G1 Refine#0" [stack: 0x000000e448d00000,0x000000e448e00000] [id=18764]
  0x0000022622864800 ConcurrentGCThread "G1 Refine#1" [stack: 0x000000e452d00000,0x000000e452e00000] [id=3644]
  0x000002261fdc7800 ConcurrentGCThread "G1 Refine#2" [stack: 0x000000e44a900000,0x000000e44aa00000] [id=9612]
  0x00000226226cc000 ConcurrentGCThread "G1 Refine#3" [stack: 0x000000e453300000,0x000000e453400000] [id=27912]
  0x000002261bc9d800 ConcurrentGCThread "G1 Young RemSet Sampling" [stack: 0x000000e448e00000,0x000000e448f00000] [id=37376]

Threads with active compile tasks:
C2 CompilerThread0   140375 18386       4       com.android.tools.r8.B.a.a.f::a (6062 bytes)
C2 CompilerThread1   140375 18421       4       com.android.tools.r8.ir.optimize.Z::a (425 bytes)

VM state:at safepoint (normal execution)

VM Mutex/Monitor currently owned by a thread:  ([mutex/lock_event])
[0x000002267fdbbd80] Threads_lock - owner thread: 0x000002261bdfc000
[0x000002267fdbaaf0] Heap_lock - owner thread: 0x0000022620368000

Heap address: 0x00000000e0000000, size: 512 MB, Compressed Oops mode: 32-bit
Narrow klass base: 0x0000000000000000, Narrow klass shift: 3
Compressed class space size: 260046848 Address: 0x0000000100000000

Heap:
 garbage-first heap   total 375808K, used 278097K [0x00000000e0000000, 0x0000000100000000)
  region size 1024K, 3 young (3072K), 3 survivors (3072K)
 Metaspace       used 99840K, capacity 102571K, committed 103200K, reserved 344064K
  class space    used 12662K, capacity 13658K, committed 13952K, reserved 253952K
Heap Regions: E=young(eden), S=young(survivor), O=old, HS=humongous(starts), HC=humongous(continues), CS=collection set, F=free, A=archive, TAMS=top-at-mark-start (previous, next)
|   0|0x00000000e0000000, 0x00000000e0100000, 0x00000000e0100000|100%| O|  |TAMS 0x00000000e0100000, 0x00000000e0000000| Untracked 
|   1|0x00000000e0100000, 0x00000000e0200000, 0x00000000e0200000|100%| O|  |TAMS 0x00000000e0200000, 0x00000000e0100000| Untracked 
|   2|0x00000000e0200000, 0x00000000e0300000, 0x00000000e0300000|100%| O|  |TAMS 0x00000000e0300000, 0x00000000e0200000| Untracked 
|   3|0x00000000e0300000, 0x00000000e0400000, 0x00000000e0400000|100%|HS|  |TAMS 0x00000000e0400000, 0x00000000e0300000| Complete 
|   4|0x00000000e0400000, 0x00000000e0500000, 0x00000000e0500000|100%|HC|  |TAMS 0x00000000e0500000, 0x00000000e0400000| Complete 
|   5|0x00000000e0500000, 0x00000000e0600000, 0x00000000e0600000|100%|HC|  |TAMS 0x00000000e0600000, 0x00000000e0500000| Complete 
|   6|0x00000000e0600000, 0x00000000e0700000, 0x00000000e0700000|100%| O|  |TAMS 0x00000000e0700000, 0x00000000e0600000| Untracked 
|   7|0x00000000e0700000, 0x00000000e0800000, 0x00000000e0800000|100%| O|  |TAMS 0x00000000e0800000, 0x00000000e0700000| Untracked 
|   8|0x00000000e0800000, 0x00000000e0900000, 0x00000000e0900000|100%| O|  |TAMS 0x00000000e0900000, 0x00000000e0800000| Untracked 
|   9|0x00000000e0900000, 0x00000000e0a00000, 0x00000000e0a00000|100%| O|  |TAMS 0x00000000e0a00000, 0x00000000e0900000| Untracked 
|  10|0x00000000e0a00000, 0x00000000e0b00000, 0x00000000e0b00000|100%| O|  |TAMS 0x00000000e0b00000, 0x00000000e0a00000| Untracked 
|  11|0x00000000e0b00000, 0x00000000e0c00000, 0x00000000e0c00000|100%| O|  |TAMS 0x00000000e0c00000, 0x00000000e0b00000| Untracked 
|  12|0x00000000e0c00000, 0x00000000e0d00000, 0x00000000e0d00000|100%| O|  |TAMS 0x00000000e0d00000, 0x00000000e0c00000| Untracked 
|  13|0x00000000e0d00000, 0x00000000e0e00000, 0x00000000e0e00000|100%| O|  |TAMS 0x00000000e0e00000, 0x00000000e0d00000| Untracked 
|  14|0x00000000e0e00000, 0x00000000e0f00000, 0x00000000e0f00000|100%| O|  |TAMS 0x00000000e0f00000, 0x00000000e0e00000| Untracked 
|  15|0x00000000e0f00000, 0x00000000e1000000, 0x00000000e1000000|100%| O|  |TAMS 0x00000000e1000000, 0x00000000e0f00000| Untracked 
|  16|0x00000000e1000000, 0x00000000e1100000, 0x00000000e1100000|100%|HS|  |TAMS 0x00000000e1100000, 0x00000000e1000000| Complete 
|  17|0x00000000e1100000, 0x00000000e1200000, 0x00000000e1200000|100%|HC|  |TAMS 0x00000000e1200000, 0x00000000e1100000| Complete 
|  18|0x00000000e1200000, 0x00000000e1300000, 0x00000000e1300000|100%|HS|  |TAMS 0x00000000e1300000, 0x00000000e1200000| Complete 
|  19|0x00000000e1300000, 0x00000000e1400000, 0x00000000e1400000|100%|HC|  |TAMS 0x00000000e1400000, 0x00000000e1300000| Complete 
|  20|0x00000000e1400000, 0x00000000e1500000, 0x00000000e1500000|100%|HC|  |TAMS 0x00000000e1500000, 0x00000000e1400000| Complete 
|  21|0x00000000e1500000, 0x00000000e1600000, 0x00000000e1600000|100%|HS|  |TAMS 0x00000000e1600000, 0x00000000e1500000| Complete 
|  22|0x00000000e1600000, 0x00000000e1700000, 0x00000000e1700000|100%|HC|  |TAMS 0x00000000e1700000, 0x00000000e1600000| Complete 
|  23|0x00000000e1700000, 0x00000000e1800000, 0x00000000e1800000|100%|HC|  |TAMS 0x00000000e1800000, 0x00000000e1700000| Complete 
|  24|0x00000000e1800000, 0x00000000e1900000, 0x00000000e1900000|100%|HC|  |TAMS 0x00000000e1900000, 0x00000000e1800000| Complete 
|  25|0x00000000e1900000, 0x00000000e1a00000, 0x00000000e1a00000|100%|HC|  |TAMS 0x00000000e1a00000, 0x00000000e1900000| Complete 
|  26|0x00000000e1a00000, 0x00000000e1b00000, 0x00000000e1b00000|100%|HC|  |TAMS 0x00000000e1b00000, 0x00000000e1a00000| Complete 
|  27|0x00000000e1b00000, 0x00000000e1c00000, 0x00000000e1c00000|100%|HS|  |TAMS 0x00000000e1c00000, 0x00000000e1b00000| Complete 
|  28|0x00000000e1c00000, 0x00000000e1d00000, 0x00000000e1d00000|100%|HS|  |TAMS 0x00000000e1d00000, 0x00000000e1c00000| Complete 
|  29|0x00000000e1d00000, 0x00000000e1e00000, 0x00000000e1e00000|100%|HC|  |TAMS 0x00000000e1e00000, 0x00000000e1d00000| Complete 
|  30|0x00000000e1e00000, 0x00000000e1f00000, 0x00000000e1f00000|100%|HS|  |TAMS 0x00000000e1f00000, 0x00000000e1e00000| Complete 
|  31|0x00000000e1f00000, 0x00000000e2000000, 0x00000000e2000000|100%|HC|  |TAMS 0x00000000e2000000, 0x00000000e1f00000| Complete 
|  32|0x00000000e2000000, 0x00000000e2100000, 0x00000000e2100000|100%|HC|  |TAMS 0x00000000e2100000, 0x00000000e2000000| Complete 
|  33|0x00000000e2100000, 0x00000000e2200000, 0x00000000e2200000|100%| O|  |TAMS 0x00000000e2200000, 0x00000000e2100000| Untracked 
|  34|0x00000000e2200000, 0x00000000e2300000, 0x00000000e2300000|100%|HS|  |TAMS 0x00000000e2300000, 0x00000000e2200000| Complete 
|  35|0x00000000e2300000, 0x00000000e2400000, 0x00000000e2400000|100%|HC|  |TAMS 0x00000000e2400000, 0x00000000e2300000| Complete 
|  36|0x00000000e2400000, 0x00000000e2500000, 0x00000000e2500000|100%| O|  |TAMS 0x00000000e2500000, 0x00000000e2400000| Untracked 
|  37|0x00000000e2500000, 0x00000000e2600000, 0x00000000e2600000|100%| O|  |TAMS 0x00000000e2600000, 0x00000000e2500000| Untracked 
|  38|0x00000000e2600000, 0x00000000e2700000, 0x00000000e2700000|100%| O|  |TAMS 0x00000000e2700000, 0x00000000e2600000| Untracked 
|  39|0x00000000e2700000, 0x00000000e2800000, 0x00000000e2800000|100%| O|  |TAMS 0x00000000e2800000, 0x00000000e2700000| Untracked 
|  40|0x00000000e2800000, 0x00000000e2900000, 0x00000000e2900000|100%| O|  |TAMS 0x00000000e2900000, 0x00000000e2800000| Untracked 
|  41|0x00000000e2900000, 0x00000000e2a00000, 0x00000000e2a00000|100%| O|  |TAMS 0x00000000e2a00000, 0x00000000e2900000| Untracked 
|  42|0x00000000e2a00000, 0x00000000e2b00000, 0x00000000e2b00000|100%| O|  |TAMS 0x00000000e2b00000, 0x00000000e2a00000| Untracked 
|  43|0x00000000e2b00000, 0x00000000e2c00000, 0x00000000e2c00000|100%| O|  |TAMS 0x00000000e2c00000, 0x00000000e2b00000| Untracked 
|  44|0x00000000e2c00000, 0x00000000e2d00000, 0x00000000e2d00000|100%| O|  |TAMS 0x00000000e2d00000, 0x00000000e2c00000| Untracked 
|  45|0x00000000e2d00000, 0x00000000e2e00000, 0x00000000e2e00000|100%| O|  |TAMS 0x00000000e2e00000, 0x00000000e2d00000| Untracked 
|  46|0x00000000e2e00000, 0x00000000e2f00000, 0x00000000e2f00000|100%| O|  |TAMS 0x00000000e2f00000, 0x00000000e2e00000| Untracked 
|  47|0x00000000e2f00000, 0x00000000e3000000, 0x00000000e3000000|100%| O|  |TAMS 0x00000000e3000000, 0x00000000e2f00000| Untracked 
|  48|0x00000000e3000000, 0x00000000e3100000, 0x00000000e3100000|100%| O|  |TAMS 0x00000000e3100000, 0x00000000e3000000| Untracked 
|  49|0x00000000e3100000, 0x00000000e3200000, 0x00000000e3200000|100%| O|  |TAMS 0x00000000e3200000, 0x00000000e3100000| Untracked 
|  50|0x00000000e3200000, 0x00000000e3300000, 0x00000000e3300000|100%| O|  |TAMS 0x00000000e3300000, 0x00000000e3200000| Untracked 
|  51|0x00000000e3300000, 0x00000000e3400000, 0x00000000e3400000|100%| O|  |TAMS 0x00000000e3400000, 0x00000000e3300000| Untracked 
|  52|0x00000000e3400000, 0x00000000e3500000, 0x00000000e3500000|100%| O|  |TAMS 0x00000000e3500000, 0x00000000e3400000| Untracked 
|  53|0x00000000e3500000, 0x00000000e3600000, 0x00000000e3600000|100%| O|  |TAMS 0x00000000e3600000, 0x00000000e3500000| Untracked 
|  54|0x00000000e3600000, 0x00000000e3700000, 0x00000000e3700000|100%| O|  |TAMS 0x00000000e3700000, 0x00000000e3600000| Untracked 
|  55|0x00000000e3700000, 0x00000000e3800000, 0x00000000e3800000|100%| O|  |TAMS 0x00000000e3800000, 0x00000000e3700000| Untracked 
|  56|0x00000000e3800000, 0x00000000e3900000, 0x00000000e3900000|100%| O|  |TAMS 0x00000000e3900000, 0x00000000e3800000| Untracked 
|  57|0x00000000e3900000, 0x00000000e3a00000, 0x00000000e3a00000|100%| O|  |TAMS 0x00000000e3a00000, 0x00000000e3900000| Untracked 
|  58|0x00000000e3a00000, 0x00000000e3b00000, 0x00000000e3b00000|100%| O|  |TAMS 0x00000000e3b00000, 0x00000000e3a00000| Untracked 
|  59|0x00000000e3b00000, 0x00000000e3c00000, 0x00000000e3c00000|100%| O|  |TAMS 0x00000000e3c00000, 0x00000000e3b00000| Untracked 
|  60|0x00000000e3c00000, 0x00000000e3d00000, 0x00000000e3d00000|100%| O|  |TAMS 0x00000000e3d00000, 0x00000000e3c00000| Untracked 
|  61|0x00000000e3d00000, 0x00000000e3e00000, 0x00000000e3e00000|100%| O|  |TAMS 0x00000000e3d00000, 0x00000000e3d00000| Untracked 
|  62|0x00000000e3e00000, 0x00000000e3f00000, 0x00000000e3f00000|100%| O|  |TAMS 0x00000000e3f00000, 0x00000000e3e00000| Untracked 
|  63|0x00000000e3f00000, 0x00000000e4000000, 0x00000000e4000000|100%| O|  |TAMS 0x00000000e4000000, 0x00000000e3f00000| Untracked 
|  64|0x00000000e4000000, 0x00000000e4100000, 0x00000000e4100000|100%| O|  |TAMS 0x00000000e4100000, 0x00000000e4000000| Untracked 
|  65|0x00000000e4100000, 0x00000000e4200000, 0x00000000e4200000|100%| O|  |TAMS 0x00000000e4200000, 0x00000000e4100000| Untracked 
|  66|0x00000000e4200000, 0x00000000e4300000, 0x00000000e4300000|100%| O|  |TAMS 0x00000000e4300000, 0x00000000e4200000| Untracked 
|  67|0x00000000e4300000, 0x00000000e4400000, 0x00000000e4400000|100%| O|  |TAMS 0x00000000e4400000, 0x00000000e4300000| Untracked 
|  68|0x00000000e4400000, 0x00000000e4500000, 0x00000000e4500000|100%| O|  |TAMS 0x00000000e4500000, 0x00000000e4400000| Untracked 
|  69|0x00000000e4500000, 0x00000000e4600000, 0x00000000e4600000|100%| O|  |TAMS 0x00000000e4600000, 0x00000000e4500000| Untracked 
|  70|0x00000000e4600000, 0x00000000e4700000, 0x00000000e4700000|100%| O|  |TAMS 0x00000000e4700000, 0x00000000e4600000| Untracked 
|  71|0x00000000e4700000, 0x00000000e4800000, 0x00000000e4800000|100%| O|  |TAMS 0x00000000e4800000, 0x00000000e4700000| Untracked 
|  72|0x00000000e4800000, 0x00000000e4900000, 0x00000000e4900000|100%| O|  |TAMS 0x00000000e4900000, 0x00000000e4800000| Untracked 
|  73|0x00000000e4900000, 0x00000000e4a00000, 0x00000000e4a00000|100%| O|  |TAMS 0x00000000e4a00000, 0x00000000e4900000| Untracked 
|  74|0x00000000e4a00000, 0x00000000e4b00000, 0x00000000e4b00000|100%| O|  |TAMS 0x00000000e4b00000, 0x00000000e4a00000| Untracked 
|  75|0x00000000e4b00000, 0x00000000e4c00000, 0x00000000e4c00000|100%| O|  |TAMS 0x00000000e4c00000, 0x00000000e4b00000| Untracked 
|  76|0x00000000e4c00000, 0x00000000e4d00000, 0x00000000e4d00000|100%| O|  |TAMS 0x00000000e4d00000, 0x00000000e4c00000| Untracked 
|  77|0x00000000e4d00000, 0x00000000e4e00000, 0x00000000e4e00000|100%| O|  |TAMS 0x00000000e4e00000, 0x00000000e4d00000| Untracked 
|  78|0x00000000e4e00000, 0x00000000e4f00000, 0x00000000e4f00000|100%| O|  |TAMS 0x00000000e4f00000, 0x00000000e4e00000| Untracked 
|  79|0x00000000e4f00000, 0x00000000e5000000, 0x00000000e5000000|100%| O|  |TAMS 0x00000000e5000000, 0x00000000e4f00000| Untracked 
|  80|0x00000000e5000000, 0x00000000e5100000, 0x00000000e5100000|100%| O|  |TAMS 0x00000000e5100000, 0x00000000e5000000| Untracked 
|  81|0x00000000e5100000, 0x00000000e5200000, 0x00000000e5200000|100%| O|  |TAMS 0x00000000e5100000, 0x00000000e5100000| Untracked 
|  82|0x00000000e5200000, 0x00000000e5300000, 0x00000000e5300000|100%| O|  |TAMS 0x00000000e5300000, 0x00000000e5200000| Untracked 
|  83|0x00000000e5300000, 0x00000000e5400000, 0x00000000e5400000|100%| O|  |TAMS 0x00000000e5400000, 0x00000000e5300000| Untracked 
|  84|0x00000000e5400000, 0x00000000e5500000, 0x00000000e5500000|100%| O|  |TAMS 0x00000000e5500000, 0x00000000e5400000| Untracked 
|  85|0x00000000e5500000, 0x00000000e5600000, 0x00000000e5600000|100%| O|  |TAMS 0x00000000e5600000, 0x00000000e5500000| Untracked 
|  86|0x00000000e5600000, 0x00000000e5700000, 0x00000000e5700000|100%| O|  |TAMS 0x00000000e5700000, 0x00000000e5600000| Untracked 
|  87|0x00000000e5700000, 0x00000000e5800000, 0x00000000e5800000|100%| O|  |TAMS 0x00000000e5800000, 0x00000000e5700000| Untracked 
|  88|0x00000000e5800000, 0x00000000e5900000, 0x00000000e5900000|100%| O|  |TAMS 0x00000000e5900000, 0x00000000e5800000| Untracked 
|  89|0x00000000e5900000, 0x00000000e5a00000, 0x00000000e5a00000|100%| O|  |TAMS 0x00000000e5a00000, 0x00000000e5900000| Untracked 
|  90|0x00000000e5a00000, 0x00000000e5b00000, 0x00000000e5b00000|100%| O|  |TAMS 0x00000000e5b00000, 0x00000000e5a00000| Untracked 
|  91|0x00000000e5b00000, 0x00000000e5c00000, 0x00000000e5c00000|100%| O|  |TAMS 0x00000000e5c00000, 0x00000000e5b00000| Untracked 
|  92|0x00000000e5c00000, 0x00000000e5d00000, 0x00000000e5d00000|100%| O|  |TAMS 0x00000000e5d00000, 0x00000000e5c00000| Untracked 
|  93|0x00000000e5d00000, 0x00000000e5e00000, 0x00000000e5e00000|100%| O|  |TAMS 0x00000000e5e00000, 0x00000000e5d00000| Untracked 
|  94|0x00000000e5e00000, 0x00000000e5f00000, 0x00000000e5f00000|100%| O|  |TAMS 0x00000000e5e00000, 0x00000000e5e00000| Untracked 
|  95|0x00000000e5f00000, 0x00000000e6000000, 0x00000000e6000000|100%| O|  |TAMS 0x00000000e6000000, 0x00000000e5f00000| Untracked 
|  96|0x00000000e6000000, 0x00000000e6100000, 0x00000000e6100000|100%| O|  |TAMS 0x00000000e6100000, 0x00000000e6000000| Untracked 
|  97|0x00000000e6100000, 0x00000000e6200000, 0x00000000e6200000|100%| O|  |TAMS 0x00000000e6200000, 0x00000000e6100000| Untracked 
|  98|0x00000000e6200000, 0x00000000e6300000, 0x00000000e6300000|100%| O|  |TAMS 0x00000000e6300000, 0x00000000e6200000| Untracked 
|  99|0x00000000e6300000, 0x00000000e6400000, 0x00000000e6400000|100%| O|  |TAMS 0x00000000e6400000, 0x00000000e6300000| Untracked 
| 100|0x00000000e6400000, 0x00000000e6500000, 0x00000000e6500000|100%| O|  |TAMS 0x00000000e6500000, 0x00000000e6400000| Untracked 
| 101|0x00000000e6500000, 0x00000000e6600000, 0x00000000e6600000|100%| O|  |TAMS 0x00000000e6500000, 0x00000000e6500000| Untracked 
| 102|0x00000000e6600000, 0x00000000e6700000, 0x00000000e6700000|100%| O|  |TAMS 0x00000000e6700000, 0x00000000e6600000| Untracked 
| 103|0x00000000e6700000, 0x00000000e6800000, 0x00000000e6800000|100%| O|  |TAMS 0x00000000e6700000, 0x00000000e6700000| Untracked 
| 104|0x00000000e6800000, 0x00000000e6900000, 0x00000000e6900000|100%| O|  |TAMS 0x00000000e6900000, 0x00000000e6800000| Untracked 
| 105|0x00000000e6900000, 0x00000000e6a00000, 0x00000000e6a00000|100%| O|  |TAMS 0x00000000e6a00000, 0x00000000e6900000| Untracked 
| 106|0x00000000e6a00000, 0x00000000e6b00000, 0x00000000e6b00000|100%| O|  |TAMS 0x00000000e6a00000, 0x00000000e6a00000| Untracked 
| 107|0x00000000e6b00000, 0x00000000e6c00000, 0x00000000e6c00000|100%| O|  |TAMS 0x00000000e6c00000, 0x00000000e6b00000| Untracked 
| 108|0x00000000e6c00000, 0x00000000e6d00000, 0x00000000e6d00000|100%| O|  |TAMS 0x00000000e6d00000, 0x00000000e6c00000| Untracked 
| 109|0x00000000e6d00000, 0x00000000e6e00000, 0x00000000e6e00000|100%| O|  |TAMS 0x00000000e6e00000, 0x00000000e6d00000| Untracked 
| 110|0x00000000e6e00000, 0x00000000e6f00000, 0x00000000e6f00000|100%| O|  |TAMS 0x00000000e6f00000, 0x00000000e6e00000| Untracked 
| 111|0x00000000e6f00000, 0x00000000e7000000, 0x00000000e7000000|100%| O|  |TAMS 0x00000000e7000000, 0x00000000e6f00000| Untracked 
| 112|0x00000000e7000000, 0x00000000e7100000, 0x00000000e7100000|100%| O|  |TAMS 0x00000000e7100000, 0x00000000e7000000| Untracked 
| 113|0x00000000e7100000, 0x00000000e7200000, 0x00000000e7200000|100%| O|  |TAMS 0x00000000e7200000, 0x00000000e7100000| Untracked 
| 114|0x00000000e7200000, 0x00000000e7300000, 0x00000000e7300000|100%| O|  |TAMS 0x00000000e7300000, 0x00000000e7200000| Untracked 
| 115|0x00000000e7300000, 0x00000000e7400000, 0x00000000e7400000|100%| O|  |TAMS 0x00000000e7400000, 0x00000000e7300000| Untracked 
| 116|0x00000000e7400000, 0x00000000e7500000, 0x00000000e7500000|100%| O|  |TAMS 0x00000000e7500000, 0x00000000e7400000| Untracked 
| 117|0x00000000e7500000, 0x00000000e7600000, 0x00000000e7600000|100%| O|  |TAMS 0x00000000e7600000, 0x00000000e7500000| Untracked 
| 118|0x00000000e7600000, 0x00000000e7700000, 0x00000000e7700000|100%| O|  |TAMS 0x00000000e7700000, 0x00000000e7600000| Untracked 
| 119|0x00000000e7700000, 0x00000000e7800000, 0x00000000e7800000|100%| O|  |TAMS 0x00000000e7800000, 0x00000000e7700000| Untracked 
| 120|0x00000000e7800000, 0x00000000e7900000, 0x00000000e7900000|100%| O|  |TAMS 0x00000000e7900000, 0x00000000e7800000| Untracked 
| 121|0x00000000e7900000, 0x00000000e7a00000, 0x00000000e7a00000|100%| O|  |TAMS 0x00000000e7a00000, 0x00000000e7900000| Untracked 
| 122|0x00000000e7a00000, 0x00000000e7b00000, 0x00000000e7b00000|100%| O|  |TAMS 0x00000000e7b00000, 0x00000000e7a00000| Untracked 
| 123|0x00000000e7b00000, 0x00000000e7c00000, 0x00000000e7c00000|100%| O|  |TAMS 0x00000000e7c00000, 0x00000000e7b00000| Untracked 
| 124|0x00000000e7c00000, 0x00000000e7d00000, 0x00000000e7d00000|100%| O|  |TAMS 0x00000000e7d00000, 0x00000000e7c00000| Untracked 
| 125|0x00000000e7d00000, 0x00000000e7e00000, 0x00000000e7e00000|100%| O|  |TAMS 0x00000000e7e00000, 0x00000000e7d00000| Untracked 
| 126|0x00000000e7e00000, 0x00000000e7f00000, 0x00000000e7f00000|100%| O|  |TAMS 0x00000000e7f00000, 0x00000000e7e00000| Untracked 
| 127|0x00000000e7f00000, 0x00000000e8000000, 0x00000000e8000000|100%| O|  |TAMS 0x00000000e8000000, 0x00000000e7f00000| Untracked 
| 128|0x00000000e8000000, 0x00000000e8100000, 0x00000000e8100000|100%| O|  |TAMS 0x00000000e8100000, 0x00000000e8000000| Untracked 
| 129|0x00000000e8100000, 0x00000000e8200000, 0x00000000e8200000|100%| O|  |TAMS 0x00000000e8200000, 0x00000000e8100000| Untracked 
| 130|0x00000000e8200000, 0x00000000e8300000, 0x00000000e8300000|100%| O|  |TAMS 0x00000000e8300000, 0x00000000e8200000| Untracked 
| 131|0x00000000e8300000, 0x00000000e8400000, 0x00000000e8400000|100%| O|  |TAMS 0x00000000e8400000, 0x00000000e8300000| Untracked 
| 132|0x00000000e8400000, 0x00000000e8500000, 0x00000000e8500000|100%| O|  |TAMS 0x00000000e8500000, 0x00000000e8400000| Untracked 
| 133|0x00000000e8500000, 0x00000000e8600000, 0x00000000e8600000|100%| O|  |TAMS 0x00000000e8600000, 0x00000000e8500000| Untracked 
| 134|0x00000000e8600000, 0x00000000e8700000, 0x00000000e8700000|100%| O|  |TAMS 0x00000000e8700000, 0x00000000e8600000| Untracked 
| 135|0x00000000e8700000, 0x00000000e8800000, 0x00000000e8800000|100%| O|  |TAMS 0x00000000e8800000, 0x00000000e8700000| Untracked 
| 136|0x00000000e8800000, 0x00000000e8900000, 0x00000000e8900000|100%| O|  |TAMS 0x00000000e8900000, 0x00000000e8800000| Untracked 
| 137|0x00000000e8900000, 0x00000000e8a00000, 0x00000000e8a00000|100%| O|  |TAMS 0x00000000e8a00000, 0x00000000e8900000| Untracked 
| 138|0x00000000e8a00000, 0x00000000e8b00000, 0x00000000e8b00000|100%| O|  |TAMS 0x00000000e8b00000, 0x00000000e8a00000| Untracked 
| 139|0x00000000e8b00000, 0x00000000e8c00000, 0x00000000e8c00000|100%| O|  |TAMS 0x00000000e8c00000, 0x00000000e8b00000| Untracked 
| 140|0x00000000e8c00000, 0x00000000e8d00000, 0x00000000e8d00000|100%| O|  |TAMS 0x00000000e8d00000, 0x00000000e8c00000| Untracked 
| 141|0x00000000e8d00000, 0x00000000e8e00000, 0x00000000e8e00000|100%| O|  |TAMS 0x00000000e8e00000, 0x00000000e8d00000| Untracked 
| 142|0x00000000e8e00000, 0x00000000e8f00000, 0x00000000e8f00000|100%| O|  |TAMS 0x00000000e8f00000, 0x00000000e8e00000| Untracked 
| 143|0x00000000e8f00000, 0x00000000e9000000, 0x00000000e9000000|100%| O|  |TAMS 0x00000000e9000000, 0x00000000e8f00000| Untracked 
| 144|0x00000000e9000000, 0x00000000e9100000, 0x00000000e9100000|100%| O|  |TAMS 0x00000000e9100000, 0x00000000e9000000| Untracked 
| 145|0x00000000e9100000, 0x00000000e9200000, 0x00000000e9200000|100%| O|  |TAMS 0x00000000e9200000, 0x00000000e9100000| Untracked 
| 146|0x00000000e9200000, 0x00000000e9300000, 0x00000000e9300000|100%| O|  |TAMS 0x00000000e9300000, 0x00000000e9200000| Untracked 
| 147|0x00000000e9300000, 0x00000000e9400000, 0x00000000e9400000|100%| O|  |TAMS 0x00000000e9400000, 0x00000000e9300000| Untracked 
| 148|0x00000000e9400000, 0x00000000e9500000, 0x00000000e9500000|100%| O|  |TAMS 0x00000000e9400000, 0x00000000e9400000| Untracked 
| 149|0x00000000e9500000, 0x00000000e9600000, 0x00000000e9600000|100%| O|  |TAMS 0x00000000e9600000, 0x00000000e9500000| Untracked 
| 150|0x00000000e9600000, 0x00000000e9700000, 0x00000000e9700000|100%| O|  |TAMS 0x00000000e9600000, 0x00000000e9600000| Untracked 
| 151|0x00000000e9700000, 0x00000000e9800000, 0x00000000e9800000|100%| O|  |TAMS 0x00000000e9700000, 0x00000000e9700000| Untracked 
| 152|0x00000000e9800000, 0x00000000e9900000, 0x00000000e9900000|100%| O|  |TAMS 0x00000000e9800000, 0x00000000e9800000| Untracked 
| 153|0x00000000e9900000, 0x00000000e9a00000, 0x00000000e9a00000|100%| O|  |TAMS 0x00000000e9900000, 0x00000000e9900000| Untracked 
| 154|0x00000000e9a00000, 0x00000000e9b00000, 0x00000000e9b00000|100%| O|  |TAMS 0x00000000e9a00000, 0x00000000e9a00000| Untracked 
| 155|0x00000000e9b00000, 0x00000000e9c00000, 0x00000000e9c00000|100%| O|  |TAMS 0x00000000e9b00000, 0x00000000e9b00000| Untracked 
| 156|0x00000000e9c00000, 0x00000000e9d00000, 0x00000000e9d00000|100%| O|  |TAMS 0x00000000e9d00000, 0x00000000e9c00000| Untracked 
| 157|0x00000000e9d00000, 0x00000000e9e00000, 0x00000000e9e00000|100%| O|  |TAMS 0x00000000e9e00000, 0x00000000e9d00000| Untracked 
| 158|0x00000000e9e00000, 0x00000000e9f00000, 0x00000000e9f00000|100%| O|  |TAMS 0x00000000e9f00000, 0x00000000e9e00000| Untracked 
| 159|0x00000000e9f00000, 0x00000000ea000000, 0x00000000ea000000|100%| O|  |TAMS 0x00000000ea000000, 0x00000000e9f00000| Untracked 
| 160|0x00000000ea000000, 0x00000000ea100000, 0x00000000ea100000|100%| O|  |TAMS 0x00000000ea100000, 0x00000000ea000000| Untracked 
| 161|0x00000000ea100000, 0x00000000ea200000, 0x00000000ea200000|100%| O|  |TAMS 0x00000000ea200000, 0x00000000ea100000| Untracked 
| 162|0x00000000ea200000, 0x00000000ea300000, 0x00000000ea300000|100%| O|  |TAMS 0x00000000ea300000, 0x00000000ea200000| Untracked 
| 163|0x00000000ea300000, 0x00000000ea400000, 0x00000000ea400000|100%| O|  |TAMS 0x00000000ea37fe00, 0x00000000ea300000| Untracked 
| 164|0x00000000ea400000, 0x00000000ea500000, 0x00000000ea500000|100%| O|  |TAMS 0x00000000ea400000, 0x00000000ea400000| Untracked 
| 165|0x00000000ea500000, 0x00000000ea600000, 0x00000000ea600000|100%| O|  |TAMS 0x00000000ea500000, 0x00000000ea500000| Untracked 
| 166|0x00000000ea600000, 0x00000000ea700000, 0x00000000ea700000|100%| O|  |TAMS 0x00000000ea600000, 0x00000000ea600000| Untracked 
| 167|0x00000000ea700000, 0x00000000ea800000, 0x00000000ea800000|100%| O|  |TAMS 0x00000000ea700000, 0x00000000ea700000| Untracked 
| 168|0x00000000ea800000, 0x00000000ea900000, 0x00000000ea900000|100%| O|  |TAMS 0x00000000ea800000, 0x00000000ea800000| Untracked 
| 169|0x00000000ea900000, 0x00000000eaa00000, 0x00000000eaa00000|100%| O|  |TAMS 0x00000000ea900000, 0x00000000ea900000| Untracked 
| 170|0x00000000eaa00000, 0x00000000eab00000, 0x00000000eab00000|100%| O|  |TAMS 0x00000000eaa00000, 0x00000000eaa00000| Untracked 
| 171|0x00000000eab00000, 0x00000000eac00000, 0x00000000eac00000|100%| O|  |TAMS 0x00000000eab00000, 0x00000000eab00000| Untracked 
| 172|0x00000000eac00000, 0x00000000ead00000, 0x00000000ead00000|100%| O|  |TAMS 0x00000000eac00000, 0x00000000eac00000| Untracked 
| 173|0x00000000ead00000, 0x00000000eae00000, 0x00000000eae00000|100%| O|  |TAMS 0x00000000ead00000, 0x00000000ead00000| Untracked 
| 174|0x00000000eae00000, 0x00000000eaf00000, 0x00000000eaf00000|100%| O|  |TAMS 0x00000000eae00000, 0x00000000eae00000| Untracked 
| 175|0x00000000eaf00000, 0x00000000eb000000, 0x00000000eb000000|100%| O|  |TAMS 0x00000000eaf00000, 0x00000000eaf00000| Untracked 
| 176|0x00000000eb000000, 0x00000000eb100000, 0x00000000eb100000|100%| O|  |TAMS 0x00000000eb000000, 0x00000000eb000000| Untracked 
| 177|0x00000000eb100000, 0x00000000eb200000, 0x00000000eb200000|100%| O|  |TAMS 0x00000000eb100000, 0x00000000eb100000| Untracked 
| 178|0x00000000eb200000, 0x00000000eb300000, 0x00000000eb300000|100%| O|  |TAMS 0x00000000eb200000, 0x00000000eb200000| Untracked 
| 179|0x00000000eb300000, 0x00000000eb400000, 0x00000000eb400000|100%| O|  |TAMS 0x00000000eb300000, 0x00000000eb300000| Untracked 
| 180|0x00000000eb400000, 0x00000000eb500000, 0x00000000eb500000|100%| O|  |TAMS 0x00000000eb400000, 0x00000000eb400000| Untracked 
| 181|0x00000000eb500000, 0x00000000eb600000, 0x00000000eb600000|100%| O|  |TAMS 0x00000000eb500000, 0x00000000eb500000| Untracked 
| 182|0x00000000eb600000, 0x00000000eb700000, 0x00000000eb700000|100%| O|  |TAMS 0x00000000eb600000, 0x00000000eb600000| Untracked 
| 183|0x00000000eb700000, 0x00000000eb800000, 0x00000000eb800000|100%| O|  |TAMS 0x00000000eb700000, 0x00000000eb700000| Untracked 
| 184|0x00000000eb800000, 0x00000000eb900000, 0x00000000eb900000|100%| O|  |TAMS 0x00000000eb800000, 0x00000000eb800000| Untracked 
| 185|0x00000000eb900000, 0x00000000eba00000, 0x00000000eba00000|100%| O|  |TAMS 0x00000000eb900000, 0x00000000eb900000| Untracked 
| 186|0x00000000eba00000, 0x00000000ebb00000, 0x00000000ebb00000|100%| O|  |TAMS 0x00000000eba00000, 0x00000000eba00000| Untracked 
| 187|0x00000000ebb00000, 0x00000000ebc00000, 0x00000000ebc00000|100%| O|  |TAMS 0x00000000ebb00000, 0x00000000ebb00000| Untracked 
| 188|0x00000000ebc00000, 0x00000000ebd00000, 0x00000000ebd00000|100%| O|  |TAMS 0x00000000ebc00000, 0x00000000ebc00000| Untracked 
| 189|0x00000000ebd00000, 0x00000000ebe00000, 0x00000000ebe00000|100%| O|  |TAMS 0x00000000ebd00000, 0x00000000ebd00000| Untracked 
| 190|0x00000000ebe00000, 0x00000000ebf00000, 0x00000000ebf00000|100%| O|  |TAMS 0x00000000ebe00000, 0x00000000ebe00000| Untracked 
| 191|0x00000000ebf00000, 0x00000000ec000000, 0x00000000ec000000|100%| O|  |TAMS 0x00000000ebf00000, 0x00000000ebf00000| Untracked 
| 192|0x00000000ec000000, 0x00000000ec100000, 0x00000000ec100000|100%| O|  |TAMS 0x00000000ec000000, 0x00000000ec000000| Untracked 
| 193|0x00000000ec100000, 0x00000000ec200000, 0x00000000ec200000|100%| O|  |TAMS 0x00000000ec100000, 0x00000000ec100000| Untracked 
| 194|0x00000000ec200000, 0x00000000ec300000, 0x00000000ec300000|100%| O|  |TAMS 0x00000000ec200000, 0x00000000ec200000| Untracked 
| 195|0x00000000ec300000, 0x00000000ec400000, 0x00000000ec400000|100%| O|  |TAMS 0x00000000ec300000, 0x00000000ec300000| Untracked 
| 196|0x00000000ec400000, 0x00000000ec500000, 0x00000000ec500000|100%| O|  |TAMS 0x00000000ec400000, 0x00000000ec400000| Untracked 
| 197|0x00000000ec500000, 0x00000000ec600000, 0x00000000ec600000|100%| O|  |TAMS 0x00000000ec500000, 0x00000000ec500000| Untracked 
| 198|0x00000000ec600000, 0x00000000ec700000, 0x00000000ec700000|100%| O|  |TAMS 0x00000000ec600000, 0x00000000ec600000| Untracked 
| 199|0x00000000ec700000, 0x00000000ec800000, 0x00000000ec800000|100%| O|  |TAMS 0x00000000ec700000, 0x00000000ec700000| Untracked 
| 200|0x00000000ec800000, 0x00000000ec900000, 0x00000000ec900000|100%| O|  |TAMS 0x00000000ec800000, 0x00000000ec800000| Untracked 
| 201|0x00000000ec900000, 0x00000000eca00000, 0x00000000eca00000|100%| O|  |TAMS 0x00000000ec900000, 0x00000000ec900000| Untracked 
| 202|0x00000000eca00000, 0x00000000ecb00000, 0x00000000ecb00000|100%| O|  |TAMS 0x00000000eca00000, 0x00000000eca00000| Untracked 
| 203|0x00000000ecb00000, 0x00000000ecc00000, 0x00000000ecc00000|100%| O|  |TAMS 0x00000000ecb00000, 0x00000000ecb00000| Untracked 
| 204|0x00000000ecc00000, 0x00000000ecd00000, 0x00000000ecd00000|100%| O|  |TAMS 0x00000000ecc00000, 0x00000000ecc00000| Untracked 
| 205|0x00000000ecd00000, 0x00000000ece00000, 0x00000000ece00000|100%| O|  |TAMS 0x00000000ecd00000, 0x00000000ecd00000| Untracked 
| 206|0x00000000ece00000, 0x00000000ecf00000, 0x00000000ecf00000|100%| O|  |TAMS 0x00000000ece00000, 0x00000000ece00000| Untracked 
| 207|0x00000000ecf00000, 0x00000000ed000000, 0x00000000ed000000|100%| O|  |TAMS 0x00000000ecf00000, 0x00000000ecf00000| Untracked 
| 208|0x00000000ed000000, 0x00000000ed100000, 0x00000000ed100000|100%| O|  |TAMS 0x00000000ed000000, 0x00000000ed000000| Untracked 
| 209|0x00000000ed100000, 0x00000000ed200000, 0x00000000ed200000|100%| O|  |TAMS 0x00000000ed100000, 0x00000000ed100000| Untracked 
| 210|0x00000000ed200000, 0x00000000ed300000, 0x00000000ed300000|100%| O|  |TAMS 0x00000000ed200000, 0x00000000ed200000| Untracked 
| 211|0x00000000ed300000, 0x00000000ed400000, 0x00000000ed400000|100%| O|  |TAMS 0x00000000ed300000, 0x00000000ed300000| Untracked 
| 212|0x00000000ed400000, 0x00000000ed500000, 0x00000000ed500000|100%| O|  |TAMS 0x00000000ed400000, 0x00000000ed400000| Untracked 
| 213|0x00000000ed500000, 0x00000000ed600000, 0x00000000ed600000|100%| O|  |TAMS 0x00000000ed500000, 0x00000000ed500000| Untracked 
| 214|0x00000000ed600000, 0x00000000ed700000, 0x00000000ed700000|100%| O|  |TAMS 0x00000000ed600000, 0x00000000ed600000| Untracked 
| 215|0x00000000ed700000, 0x00000000ed800000, 0x00000000ed800000|100%| O|  |TAMS 0x00000000ed700000, 0x00000000ed700000| Untracked 
| 216|0x00000000ed800000, 0x00000000ed900000, 0x00000000ed900000|100%| O|  |TAMS 0x00000000ed800000, 0x00000000ed800000| Untracked 
| 217|0x00000000ed900000, 0x00000000eda00000, 0x00000000eda00000|100%| O|  |TAMS 0x00000000ed900000, 0x00000000ed900000| Untracked 
| 218|0x00000000eda00000, 0x00000000edb00000, 0x00000000edb00000|100%| O|  |TAMS 0x00000000eda00000, 0x00000000eda00000| Untracked 
| 219|0x00000000edb00000, 0x00000000edc00000, 0x00000000edc00000|100%| O|  |TAMS 0x00000000edb00000, 0x00000000edb00000| Untracked 
| 220|0x00000000edc00000, 0x00000000edd00000, 0x00000000edd00000|100%| O|  |TAMS 0x00000000edc00000, 0x00000000edc00000| Untracked 
| 221|0x00000000edd00000, 0x00000000ede00000, 0x00000000ede00000|100%| O|  |TAMS 0x00000000edd00000, 0x00000000edd00000| Untracked 
| 222|0x00000000ede00000, 0x00000000edf00000, 0x00000000edf00000|100%| O|  |TAMS 0x00000000ede00000, 0x00000000ede00000| Untracked 
| 223|0x00000000edf00000, 0x00000000ee000000, 0x00000000ee000000|100%| O|  |TAMS 0x00000000edf00000, 0x00000000edf00000| Untracked 
| 224|0x00000000ee000000, 0x00000000ee100000, 0x00000000ee100000|100%| O|  |TAMS 0x00000000ee000000, 0x00000000ee000000| Untracked 
| 225|0x00000000ee100000, 0x00000000ee200000, 0x00000000ee200000|100%| O|  |TAMS 0x00000000ee100000, 0x00000000ee100000| Untracked 
| 226|0x00000000ee200000, 0x00000000ee300000, 0x00000000ee300000|100%| O|  |TAMS 0x00000000ee200000, 0x00000000ee200000| Untracked 
| 227|0x00000000ee300000, 0x00000000ee400000, 0x00000000ee400000|100%| O|  |TAMS 0x00000000ee300000, 0x00000000ee300000| Untracked 
| 228|0x00000000ee400000, 0x00000000ee500000, 0x00000000ee500000|100%| O|  |TAMS 0x00000000ee400000, 0x00000000ee400000| Untracked 
| 229|0x00000000ee500000, 0x00000000ee600000, 0x00000000ee600000|100%| O|  |TAMS 0x00000000ee500000, 0x00000000ee500000| Untracked 
| 230|0x00000000ee600000, 0x00000000ee700000, 0x00000000ee700000|100%| O|  |TAMS 0x00000000ee600000, 0x00000000ee600000| Untracked 
| 231|0x00000000ee700000, 0x00000000ee800000, 0x00000000ee800000|100%| O|  |TAMS 0x00000000ee700000, 0x00000000ee700000| Untracked 
| 232|0x00000000ee800000, 0x00000000ee900000, 0x00000000ee900000|100%| O|  |TAMS 0x00000000ee800000, 0x00000000ee800000| Untracked 
| 233|0x00000000ee900000, 0x00000000eea00000, 0x00000000eea00000|100%| O|  |TAMS 0x00000000ee900000, 0x00000000ee900000| Untracked 
| 234|0x00000000eea00000, 0x00000000eeb00000, 0x00000000eeb00000|100%| O|  |TAMS 0x00000000eea00000, 0x00000000eea00000| Untracked 
| 235|0x00000000eeb00000, 0x00000000eec00000, 0x00000000eec00000|100%| O|  |TAMS 0x00000000eeb00000, 0x00000000eeb00000| Untracked 
| 236|0x00000000eec00000, 0x00000000eed00000, 0x00000000eed00000|100%| O|  |TAMS 0x00000000eec00000, 0x00000000eec00000| Untracked 
| 237|0x00000000eed00000, 0x00000000eee00000, 0x00000000eee00000|100%| O|  |TAMS 0x00000000eed00000, 0x00000000eed00000| Untracked 
| 238|0x00000000eee00000, 0x00000000eef00000, 0x00000000eef00000|100%| O|  |TAMS 0x00000000eee00000, 0x00000000eee00000| Untracked 
| 239|0x00000000eef00000, 0x00000000ef000000, 0x00000000ef000000|100%| O|  |TAMS 0x00000000eef00000, 0x00000000eef00000| Untracked 
| 240|0x00000000ef000000, 0x00000000ef100000, 0x00000000ef100000|100%| O|  |TAMS 0x00000000ef000000, 0x00000000ef000000| Untracked 
| 241|0x00000000ef100000, 0x00000000ef200000, 0x00000000ef200000|100%| O|  |TAMS 0x00000000ef100000, 0x00000000ef100000| Untracked 
| 242|0x00000000ef200000, 0x00000000ef300000, 0x00000000ef300000|100%| O|  |TAMS 0x00000000ef200000, 0x00000000ef200000| Untracked 
| 243|0x00000000ef300000, 0x00000000ef400000, 0x00000000ef400000|100%| O|  |TAMS 0x00000000ef300000, 0x00000000ef300000| Untracked 
| 244|0x00000000ef400000, 0x00000000ef500000, 0x00000000ef500000|100%| O|  |TAMS 0x00000000ef400000, 0x00000000ef400000| Untracked 
| 245|0x00000000ef500000, 0x00000000ef600000, 0x00000000ef600000|100%| O|  |TAMS 0x00000000ef500000, 0x00000000ef500000| Untracked 
| 246|0x00000000ef600000, 0x00000000ef700000, 0x00000000ef700000|100%| O|  |TAMS 0x00000000ef600000, 0x00000000ef600000| Untracked 
| 247|0x00000000ef700000, 0x00000000ef800000, 0x00000000ef800000|100%| O|  |TAMS 0x00000000ef700000, 0x00000000ef700000| Untracked 
| 248|0x00000000ef800000, 0x00000000ef900000, 0x00000000ef900000|100%| O|  |TAMS 0x00000000ef800000, 0x00000000ef800000| Untracked 
| 249|0x00000000ef900000, 0x00000000efa00000, 0x00000000efa00000|100%| O|  |TAMS 0x00000000ef900000, 0x00000000ef900000| Untracked 
| 250|0x00000000efa00000, 0x00000000efb00000, 0x00000000efb00000|100%| O|  |TAMS 0x00000000efa00000, 0x00000000efa00000| Untracked 
| 251|0x00000000efb00000, 0x00000000efc00000, 0x00000000efc00000|100%| O|  |TAMS 0x00000000efb00000, 0x00000000efb00000| Untracked 
| 252|0x00000000efc00000, 0x00000000efd00000, 0x00000000efd00000|100%| O|  |TAMS 0x00000000efc00000, 0x00000000efc00000| Untracked 
| 253|0x00000000efd00000, 0x00000000efe00000, 0x00000000efe00000|100%| O|  |TAMS 0x00000000efd00000, 0x00000000efd00000| Untracked 
| 254|0x00000000efe00000, 0x00000000eff00000, 0x00000000eff00000|100%| O|  |TAMS 0x00000000efe00000, 0x00000000efe00000| Untracked 
| 255|0x00000000eff00000, 0x00000000f0000000, 0x00000000f0000000|100%| O|  |TAMS 0x00000000eff00000, 0x00000000eff00000| Untracked 
| 256|0x00000000f0000000, 0x00000000f0100000, 0x00000000f0100000|100%| O|  |TAMS 0x00000000f0000000, 0x00000000f0000000| Untracked 
| 257|0x00000000f0100000, 0x00000000f0200000, 0x00000000f0200000|100%| O|  |TAMS 0x00000000f0100000, 0x00000000f0100000| Untracked 
| 258|0x00000000f0200000, 0x00000000f0300000, 0x00000000f0300000|100%| O|  |TAMS 0x00000000f0200000, 0x00000000f0200000| Untracked 
| 259|0x00000000f0300000, 0x00000000f0400000, 0x00000000f0400000|100%| O|  |TAMS 0x00000000f0300000, 0x00000000f0300000| Untracked 
| 260|0x00000000f0400000, 0x00000000f0500000, 0x00000000f0500000|100%| O|  |TAMS 0x00000000f0400000, 0x00000000f0400000| Untracked 
| 261|0x00000000f0500000, 0x00000000f0600000, 0x00000000f0600000|100%| O|  |TAMS 0x00000000f0500000, 0x00000000f0500000| Untracked 
| 262|0x00000000f0600000, 0x00000000f0700000, 0x00000000f0700000|100%| O|  |TAMS 0x00000000f0600000, 0x00000000f0600000| Untracked 
| 263|0x00000000f0700000, 0x00000000f0800000, 0x00000000f0800000|100%| O|  |TAMS 0x00000000f0700000, 0x00000000f0700000| Untracked 
| 264|0x00000000f0800000, 0x00000000f0900000, 0x00000000f0900000|100%| O|  |TAMS 0x00000000f0800000, 0x00000000f0800000| Untracked 
| 265|0x00000000f0900000, 0x00000000f0a00000, 0x00000000f0a00000|100%| O|  |TAMS 0x00000000f0900000, 0x00000000f0900000| Untracked 
| 266|0x00000000f0a00000, 0x00000000f0b00000, 0x00000000f0b00000|100%| O|  |TAMS 0x00000000f0a00000, 0x00000000f0a00000| Untracked 
| 267|0x00000000f0b00000, 0x00000000f0c00000, 0x00000000f0c00000|100%| O|  |TAMS 0x00000000f0b00000, 0x00000000f0b00000| Untracked 
| 268|0x00000000f0c00000, 0x00000000f0d00000, 0x00000000f0d00000|100%| O|  |TAMS 0x00000000f0c00000, 0x00000000f0c00000| Untracked 
| 269|0x00000000f0d00000, 0x00000000f0d16200, 0x00000000f0e00000|  8%| O|  |TAMS 0x00000000f0d00000, 0x00000000f0d00000| Untracked 
| 270|0x00000000f0e00000, 0x00000000f0e00000, 0x00000000f0f00000|  0%| F|  |TAMS 0x00000000f0e00000, 0x00000000f0e00000| Untracked 
| 271|0x00000000f0f00000, 0x00000000f0f00000, 0x00000000f1000000|  0%| F|  |TAMS 0x00000000f0f00000, 0x00000000f0f00000| Untracked 
| 272|0x00000000f1000000, 0x00000000f1000000, 0x00000000f1100000|  0%| F|  |TAMS 0x00000000f1000000, 0x00000000f1000000| Untracked 
| 273|0x00000000f1100000, 0x00000000f1100000, 0x00000000f1200000|  0%| F|  |TAMS 0x00000000f1100000, 0x00000000f1100000| Untracked 
| 274|0x00000000f1200000, 0x00000000f1200000, 0x00000000f1300000|  0%| F|  |TAMS 0x00000000f1200000, 0x00000000f1200000| Untracked 
| 275|0x00000000f1300000, 0x00000000f1300000, 0x00000000f1400000|  0%| F|  |TAMS 0x00000000f1300000, 0x00000000f1300000| Untracked 
| 276|0x00000000f1400000, 0x00000000f1400000, 0x00000000f1500000|  0%| F|  |TAMS 0x00000000f1400000, 0x00000000f1400000| Untracked 
| 277|0x00000000f1500000, 0x00000000f1500000, 0x00000000f1600000|  0%| F|  |TAMS 0x00000000f1500000, 0x00000000f1500000| Untracked 
| 278|0x00000000f1600000, 0x00000000f1600000, 0x00000000f1700000|  0%| F|  |TAMS 0x00000000f1600000, 0x00000000f1600000| Untracked 
| 279|0x00000000f1700000, 0x00000000f1700000, 0x00000000f1800000|  0%| F|  |TAMS 0x00000000f1700000, 0x00000000f1700000| Untracked 
| 280|0x00000000f1800000, 0x00000000f1800000, 0x00000000f1900000|  0%| F|  |TAMS 0x00000000f1800000, 0x00000000f1800000| Untracked 
| 281|0x00000000f1900000, 0x00000000f1900000, 0x00000000f1a00000|  0%| F|  |TAMS 0x00000000f1900000, 0x00000000f1900000| Untracked 
| 282|0x00000000f1a00000, 0x00000000f1a00000, 0x00000000f1b00000|  0%| F|  |TAMS 0x00000000f1a00000, 0x00000000f1a00000| Untracked 
| 283|0x00000000f1b00000, 0x00000000f1b00000, 0x00000000f1c00000|  0%| F|  |TAMS 0x00000000f1b00000, 0x00000000f1b00000| Untracked 
| 284|0x00000000f1c00000, 0x00000000f1c00000, 0x00000000f1d00000|  0%| F|  |TAMS 0x00000000f1c00000, 0x00000000f1c00000| Untracked 
| 285|0x00000000f1d00000, 0x00000000f1d00000, 0x00000000f1e00000|  0%| F|  |TAMS 0x00000000f1d00000, 0x00000000f1d00000| Untracked 
| 286|0x00000000f1e00000, 0x00000000f1e00000, 0x00000000f1f00000|  0%| F|  |TAMS 0x00000000f1e00000, 0x00000000f1e00000| Untracked 
| 287|0x00000000f1f00000, 0x00000000f1f00000, 0x00000000f2000000|  0%| F|  |TAMS 0x00000000f1f00000, 0x00000000f1f00000| Untracked 
| 288|0x00000000f2000000, 0x00000000f2000000, 0x00000000f2100000|  0%| F|  |TAMS 0x00000000f2000000, 0x00000000f2000000| Untracked 
| 289|0x00000000f2100000, 0x00000000f2100000, 0x00000000f2200000|  0%| F|  |TAMS 0x00000000f2100000, 0x00000000f2100000| Untracked 
| 290|0x00000000f2200000, 0x00000000f2200000, 0x00000000f2300000|  0%| F|  |TAMS 0x00000000f2200000, 0x00000000f2200000| Untracked 
| 291|0x00000000f2300000, 0x00000000f2300000, 0x00000000f2400000|  0%| F|  |TAMS 0x00000000f2300000, 0x00000000f2300000| Untracked 
| 292|0x00000000f2400000, 0x00000000f2400000, 0x00000000f2500000|  0%| F|  |TAMS 0x00000000f2400000, 0x00000000f2400000| Untracked 
| 293|0x00000000f2500000, 0x00000000f2500000, 0x00000000f2600000|  0%| F|  |TAMS 0x00000000f2500000, 0x00000000f2500000| Untracked 
| 294|0x00000000f2600000, 0x00000000f2600000, 0x00000000f2700000|  0%| F|  |TAMS 0x00000000f2600000, 0x00000000f2600000| Untracked 
| 295|0x00000000f2700000, 0x00000000f2700000, 0x00000000f2800000|  0%| F|  |TAMS 0x00000000f2700000, 0x00000000f2700000| Untracked 
| 296|0x00000000f2800000, 0x00000000f2800000, 0x00000000f2900000|  0%| F|  |TAMS 0x00000000f2800000, 0x00000000f2800000| Untracked 
| 297|0x00000000f2900000, 0x00000000f2900000, 0x00000000f2a00000|  0%| F|  |TAMS 0x00000000f2900000, 0x00000000f2900000| Untracked 
| 298|0x00000000f2a00000, 0x00000000f2a00000, 0x00000000f2b00000|  0%| F|  |TAMS 0x00000000f2a00000, 0x00000000f2a00000| Untracked 
| 299|0x00000000f2b00000, 0x00000000f2b00000, 0x00000000f2c00000|  0%| F|  |TAMS 0x00000000f2b00000, 0x00000000f2b00000| Untracked 
| 300|0x00000000f2c00000, 0x00000000f2c00000, 0x00000000f2d00000|  0%| F|  |TAMS 0x00000000f2c00000, 0x00000000f2c00000| Untracked 
| 301|0x00000000f2d00000, 0x00000000f2d00000, 0x00000000f2e00000|  0%| F|  |TAMS 0x00000000f2d00000, 0x00000000f2d00000| Untracked 
| 302|0x00000000f2e00000, 0x00000000f2e00000, 0x00000000f2f00000|  0%| F|  |TAMS 0x00000000f2e00000, 0x00000000f2e00000| Untracked 
| 303|0x00000000f2f00000, 0x00000000f2f00000, 0x00000000f3000000|  0%| F|  |TAMS 0x00000000f2f00000, 0x00000000f2f00000| Untracked 
| 304|0x00000000f3000000, 0x00000000f3000000, 0x00000000f3100000|  0%| F|  |TAMS 0x00000000f3000000, 0x00000000f3000000| Untracked 
| 305|0x00000000f3100000, 0x00000000f317e508, 0x00000000f3200000| 49%| S|CS|TAMS 0x00000000f3100000, 0x00000000f3100000| Complete 
| 306|0x00000000f3200000, 0x00000000f3200000, 0x00000000f3300000|  0%| F|  |TAMS 0x00000000f3200000, 0x00000000f3200000| Untracked 
| 307|0x00000000f3300000, 0x00000000f3300000, 0x00000000f3400000|  0%| F|  |TAMS 0x00000000f3300000, 0x00000000f3300000| Untracked 
| 308|0x00000000f3400000, 0x00000000f3400000, 0x00000000f3500000|  0%| F|  |TAMS 0x00000000f3400000, 0x00000000f3400000| Untracked 
| 309|0x00000000f3500000, 0x00000000f3600000, 0x00000000f3600000|100%| S|CS|TAMS 0x00000000f3500000, 0x00000000f3500000| Complete 
| 310|0x00000000f3600000, 0x00000000f3700000, 0x00000000f3700000|100%| S|CS|TAMS 0x00000000f3600000, 0x00000000f3600000| Complete 
| 311|0x00000000f3700000, 0x00000000f3700000, 0x00000000f3800000|  0%| F|  |TAMS 0x00000000f3700000, 0x00000000f3700000| Untracked 
| 312|0x00000000f3800000, 0x00000000f3800000, 0x00000000f3900000|  0%| F|  |TAMS 0x00000000f3800000, 0x00000000f3800000| Untracked 
| 313|0x00000000f3900000, 0x00000000f3900000, 0x00000000f3a00000|  0%| F|  |TAMS 0x00000000f3900000, 0x00000000f3900000| Untracked 
| 314|0x00000000f3a00000, 0x00000000f3a00000, 0x00000000f3b00000|  0%| F|  |TAMS 0x00000000f3a00000, 0x00000000f3a00000| Untracked 
| 315|0x00000000f3b00000, 0x00000000f3b00000, 0x00000000f3c00000|  0%| F|  |TAMS 0x00000000f3b00000, 0x00000000f3b00000| Untracked 
| 316|0x00000000f3c00000, 0x00000000f3c00000, 0x00000000f3d00000|  0%| F|  |TAMS 0x00000000f3c00000, 0x00000000f3c00000| Untracked 
| 317|0x00000000f3d00000, 0x00000000f3d00000, 0x00000000f3e00000|  0%| F|  |TAMS 0x00000000f3d00000, 0x00000000f3d00000| Untracked 
| 318|0x00000000f3e00000, 0x00000000f3e00000, 0x00000000f3f00000|  0%| F|  |TAMS 0x00000000f3e00000, 0x00000000f3e00000| Untracked 
| 319|0x00000000f3f00000, 0x00000000f3f00000, 0x00000000f4000000|  0%| F|  |TAMS 0x00000000f3f00000, 0x00000000f3f00000| Untracked 
| 320|0x00000000f4000000, 0x00000000f4000000, 0x00000000f4100000|  0%| F|  |TAMS 0x00000000f4000000, 0x00000000f4000000| Untracked 
| 321|0x00000000f4100000, 0x00000000f4100000, 0x00000000f4200000|  0%| F|  |TAMS 0x00000000f4100000, 0x00000000f4100000| Untracked 
| 322|0x00000000f4200000, 0x00000000f4200000, 0x00000000f4300000|  0%| F|  |TAMS 0x00000000f4200000, 0x00000000f4200000| Untracked 
| 323|0x00000000f4300000, 0x00000000f4300000, 0x00000000f4400000|  0%| F|  |TAMS 0x00000000f4300000, 0x00000000f4300000| Untracked 
| 324|0x00000000f4400000, 0x00000000f4400000, 0x00000000f4500000|  0%| F|  |TAMS 0x00000000f4400000, 0x00000000f4400000| Untracked 
| 325|0x00000000f4500000, 0x00000000f4500000, 0x00000000f4600000|  0%| F|  |TAMS 0x00000000f4500000, 0x00000000f4500000| Untracked 
| 326|0x00000000f4600000, 0x00000000f4600000, 0x00000000f4700000|  0%| F|  |TAMS 0x00000000f4600000, 0x00000000f4600000| Untracked 
| 327|0x00000000f4700000, 0x00000000f4700000, 0x00000000f4800000|  0%| F|  |TAMS 0x00000000f4700000, 0x00000000f4700000| Untracked 
| 328|0x00000000f4800000, 0x00000000f4800000, 0x00000000f4900000|  0%| F|  |TAMS 0x00000000f4800000, 0x00000000f4800000| Untracked 
| 329|0x00000000f4900000, 0x00000000f4900000, 0x00000000f4a00000|  0%| F|  |TAMS 0x00000000f4900000, 0x00000000f4900000| Untracked 

Card table byte_map: [0x0000022617f80000,0x0000022618080000] _byte_map_base: 0x0000022617880000

Marking Bits (Prev, Next): (CMBitMap*) 0x000002267fde3e48, (CMBitMap*) 0x000002267fde3e80
 Prev Bits: [0x0000022618180000, 0x0000022618980000)
 Next Bits: [0x0000022618980000, 0x0000022619180000)

Polling page: 0x000002267f590000

Metaspace:

Usage:
  Non-class:     86.83 MB capacity,    85.14 MB ( 98%) used,     1.40 MB (  2%) free+waste,   303.31 KB ( <1%) overhead. 
      Class:     13.34 MB capacity,    12.37 MB ( 93%) used,   855.23 KB (  6%) free+waste,   140.56 KB (  1%) overhead. 
       Both:    100.17 MB capacity,    97.50 MB ( 97%) used,     2.23 MB (  2%) free+waste,   443.88 KB ( <1%) overhead. 

Virtual space:
  Non-class space:       88.00 MB reserved,      87.16 MB (>99%) committed 
      Class space:      248.00 MB reserved,      13.62 MB (  5%) committed 
             Both:      336.00 MB reserved,     100.78 MB ( 30%) committed 

Chunk freelists:
   Non-Class:  33.88 KB
       Class:  36.75 KB
        Both:  70.62 KB

CodeHeap 'non-profiled nmethods': size=120000Kb used=11689Kb max_used=11689Kb free=108310Kb
 bounds [0x0000022610500000, 0x0000022611070000, 0x0000022617a30000]
CodeHeap 'profiled nmethods': size=120000Kb used=37655Kb max_used=37673Kb free=82344Kb
 bounds [0x0000022608fd0000, 0x000002260b570000, 0x0000022610500000]
CodeHeap 'non-nmethods': size=5760Kb used=2317Kb max_used=2381Kb free=3442Kb
 bounds [0x0000022608a30000, 0x0000022608ca0000, 0x0000022608fd0000]
 total_blobs=16076 nmethods=15153 adapters=831
 compilation: enabled
              stopped_count=0, restarted_count=0
 full_count=0

Compilation events (10 events):
Event: 140.109 Thread 0x000002261c68a800 18499       2       org.gradle.api.internal.file.DefaultFileSystemLocation::<init> (10 bytes)
Event: 140.109 Thread 0x000002261c68a800 nmethod 18499 0x0000022609780210 code [0x00000226097803a0, 0x00000226097804d8]
Event: 140.132 Thread 0x000002261c68a800 18501       2       com.android.tools.r8.ir.regalloc.a::a (189 bytes)
Event: 140.137 Thread 0x000002261c68a800 nmethod 18501 0x0000022609a45e10 code [0x0000022609a461e0, 0x0000022609a46f58]
Event: 140.183 Thread 0x000002261c68a800 18502       2       java.util.HashMap$EntrySet::size (8 bytes)
Event: 140.184 Thread 0x000002261c68a800 nmethod 18502 0x00000226097cbd10 code [0x00000226097cbea0, 0x00000226097cbf98]
Event: 140.210 Thread 0x000002261c68a800 18504 %     2       com.android.tools.r8.ir.regalloc.a::i @ 336 (610 bytes)
Event: 140.222 Thread 0x000002261c68a800 nmethod 18504% 0x000002260b56ae90 code [0x000002260b56b4e0, 0x000002260b56dc18]
Event: 140.256 Thread 0x000002261c68a800 18505       2       com.android.tools.r8.B.a.a.u::a (18 bytes)
Event: 140.257 Thread 0x000002261c68a800 nmethod 18505 0x00000226097ee690 code [0x00000226097ee840, 0x00000226097ee988]

GC Heap History (10 events):
Event: 139.988 GC heap after
{Heap after GC invocations=217 (full 0):
 garbage-first heap   total 316416K, used 268385K [0x00000000e0000000, 0x0000000100000000)
  region size 1024K, 2 young (2048K), 2 survivors (2048K)
 Metaspace       used 99831K, capacity 102567K, committed 103200K, reserved 344064K
  class space    used 12661K, capacity 13657K, committed 13952K, reserved 253952K
}
Event: 140.022 GC heap before
{Heap before GC invocations=217 (full 0):
 garbage-first heap   total 316416K, used 280673K [0x00000000e0000000, 0x0000000100000000)
  region size 1024K, 15 young (15360K), 2 survivors (2048K)
 Metaspace       used 99831K, capacity 102567K, committed 103200K, reserved 344064K
  class space    used 12661K, capacity 13657K, committed 13952K, reserved 253952K
}
Event: 140.031 GC heap after
{Heap after GC invocations=218 (full 0):
 garbage-first heap   total 337920K, used 270225K [0x00000000e0000000, 0x0000000100000000)
  region size 1024K, 2 young (2048K), 2 survivors (2048K)
 Metaspace       used 99831K, capacity 102567K, committed 103200K, reserved 344064K
  class space    used 12661K, capacity 13657K, committed 13952K, reserved 253952K
}
Event: 140.116 GC heap before
{Heap before GC invocations=218 (full 0):
 garbage-first heap   total 337920K, used 290705K [0x00000000e0000000, 0x0000000100000000)
  region size 1024K, 23 young (23552K), 2 survivors (2048K)
 Metaspace       used 99840K, capacity 102571K, committed 103200K, reserved 344064K
  class space    used 12662K, capacity 13658K, committed 13952K, reserved 253952K
}
Event: 140.125 GC heap after
{Heap after GC invocations=219 (full 0):
 garbage-first heap   total 337920K, used 272003K [0x00000000e0000000, 0x0000000100000000)
  region size 1024K, 3 young (3072K), 3 survivors (3072K)
 Metaspace       used 99840K, capacity 102571K, committed 103200K, reserved 344064K
  class space    used 12662K, capacity 13658K, committed 13952K, reserved 253952K
}
Event: 140.166 GC heap before
{Heap before GC invocations=219 (full 0):
 garbage-first heap   total 337920K, used 291459K [0x00000000e0000000, 0x0000000100000000)
  region size 1024K, 23 young (23552K), 3 survivors (3072K)
 Metaspace       used 99840K, capacity 102571K, committed 103200K, reserved 344064K
  class space    used 12662K, capacity 13658K, committed 13952K, reserved 253952K
}
Event: 140.178 GC heap after
{Heap after GC invocations=220 (full 0):
 garbage-first heap   total 337920K, used 274203K [0x00000000e0000000, 0x0000000100000000)
  region size 1024K, 3 young (3072K), 3 survivors (3072K)
 Metaspace       used 99840K, capacity 102571K, committed 103200K, reserved 344064K
  class space    used 12662K, capacity 13658K, committed 13952K, reserved 253952K
}
Event: 140.230 GC heap before
{Heap before GC invocations=220 (full 0):
 garbage-first heap   total 337920K, used 293659K [0x00000000e0000000, 0x0000000100000000)
  region size 1024K, 23 young (23552K), 3 survivors (3072K)
 Metaspace       used 99840K, capacity 102571K, committed 103200K, reserved 344064K
  class space    used 12662K, capacity 13658K, committed 13952K, reserved 253952K
}
Event: 140.240 GC heap after
{Heap after GC invocations=221 (full 0):
 garbage-first heap   total 337920K, used 275974K [0x00000000e0000000, 0x0000000100000000)
  region size 1024K, 3 young (3072K), 3 survivors (3072K)
 Metaspace       used 99840K, capacity 102571K, committed 103200K, reserved 344064K
  class space    used 12662K, capacity 13658K, committed 13952K, reserved 253952K
}
Event: 140.276 GC heap before
{Heap before GC invocations=221 (full 0):
 garbage-first heap   total 337920K, used 294406K [0x00000000e0000000, 0x0000000100000000)
  region size 1024K, 22 young (22528K), 3 survivors (3072K)
 Metaspace       used 99840K, capacity 102571K, committed 103200K, reserved 344064K
  class space    used 12662K, capacity 13658K, committed 13952K, reserved 253952K
}

Deoptimization events (10 events):
Event: 136.511 Thread 0x0000022624a95800 Uncommon trap: reason=bimorphic_or_optimized_type_check action=maybe_recompile pc=0x0000022610f7dd78 method=com.android.tools.r8.ir.regalloc.a.i()V @ 418 c2
Event: 137.063 Thread 0x0000022624a95800 Uncommon trap: reason=class_check action=maybe_recompile pc=0x0000022610778290 method=java.util.Collections$SetFromMap.isEmpty()Z @ 4 c2
Event: 137.397 Thread 0x0000022624a95800 Uncommon trap: reason=array_check action=maybe_recompile pc=0x0000022610feb7e0 method=java.util.TimSort.reverseRange([Ljava/lang/Object;II)V @ 27 c2
Event: 137.397 Thread 0x0000022624a95800 Uncommon trap: reason=array_check action=maybe_recompile pc=0x0000022610feb7e0 method=java.util.TimSort.reverseRange([Ljava/lang/Object;II)V @ 27 c2
Event: 138.436 Thread 0x0000022624a95800 Uncommon trap: reason=class_check action=maybe_recompile pc=0x0000022610778290 method=java.util.Collections$SetFromMap.isEmpty()Z @ 4 c2
Event: 138.436 Thread 0x0000022624a95800 Uncommon trap: reason=class_check action=maybe_recompile pc=0x0000022610778290 method=java.util.Collections$SetFromMap.isEmpty()Z @ 4 c2
Event: 138.437 Thread 0x0000022624a95800 Uncommon trap: reason=class_check action=maybe_recompile pc=0x0000022610778290 method=java.util.Collections$SetFromMap.isEmpty()Z @ 4 c2
Event: 139.021 Thread 0x000002262036a800 Uncommon trap: reason=unstable_if action=reinterpret pc=0x00000226109ead54 method=org.gradle.internal.snapshot.VfsRelativePath.lengthOfCommonPrefix(Ljava/lang/String;Lorg/gradle/internal/snapshot/CaseSensitivity;)I @ 107 c2
Event: 139.080 Thread 0x000002261d663000 Uncommon trap: reason=predicate action=maybe_recompile pc=0x0000022610ae9a14 method=java.util.Collections.indexedBinarySearch(Ljava/util/List;Ljava/lang/Object;)I @ 13 c2
Event: 139.700 Thread 0x0000022620362000 Uncommon trap: reason=unstable_if action=reinterpret pc=0x0000022610b31a04 method=com.android.tools.r8.utils.W.d(I)Z @ 45 c2

Classes redefined (0 events):
No events

Internal exceptions (10 events):
Event: 139.276 Thread 0x0000022620367000 Exception <a 'sun/nio/fs/WindowsException'{0x00000000f23bfc88}> (0x00000000f23bfc88) thrown at [./open/src/hotspot/share/prims/jni.cpp, line 611]
Event: 139.292 Thread 0x0000022620367000 Exception <a 'sun/nio/fs/WindowsException'{0x00000000f1e773b8}> (0x00000000f1e773b8) thrown at [./open/src/hotspot/share/prims/jni.cpp, line 611]
Event: 139.415 Thread 0x000002262036a800 Exception <a 'sun/nio/fs/WindowsException'{0x00000000f200f020}> (0x00000000f200f020) thrown at [./open/src/hotspot/share/prims/jni.cpp, line 611]
Event: 139.441 Thread 0x0000022620362000 Exception <a 'sun/nio/fs/WindowsException'{0x00000000f2f87c20}> (0x00000000f2f87c20) thrown at [./open/src/hotspot/share/prims/jni.cpp, line 611]
Event: 139.532 Thread 0x0000022620b23800 Exception <a 'sun/nio/fs/WindowsException'{0x00000000f27577f0}> (0x00000000f27577f0) thrown at [./open/src/hotspot/share/prims/jni.cpp, line 611]
Event: 139.634 Thread 0x0000022620365800 Exception <a 'sun/nio/fs/WindowsException'{0x00000000f2c99148}> (0x00000000f2c99148) thrown at [./open/src/hotspot/share/prims/jni.cpp, line 611]
Event: 139.808 Thread 0x000002262036c800 Exception <a 'sun/nio/fs/WindowsException'{0x00000000f2a6d2b8}> (0x00000000f2a6d2b8) thrown at [./open/src/hotspot/share/prims/jni.cpp, line 611]
Event: 139.822 Thread 0x000002262036c000 Exception <a 'sun/nio/fs/WindowsException'{0x00000000f27f6c28}> (0x00000000f27f6c28) thrown at [./open/src/hotspot/share/prims/jni.cpp, line 611]
Event: 139.872 Thread 0x0000022620369800 Exception <a 'sun/nio/fs/WindowsException'{0x00000000f340a3a8}> (0x00000000f340a3a8) thrown at [./open/src/hotspot/share/prims/jni.cpp, line 611]
Event: 140.181 Thread 0x0000022620368000 Exception <a 'sun/nio/fs/WindowsException'{0x00000000f499b638}> (0x00000000f499b638) thrown at [./open/src/hotspot/share/prims/jni.cpp, line 611]

Events (10 events):
Event: 140.240 Executing VM operation: G1CollectForAllocation done
Event: 140.248 Thread 0x000002262036c000 DEOPT PACKING pc=0x00000226091828be sp=0x000000e44c4faa90
Event: 140.248 Thread 0x000002262036c000 DEOPT UNPACKING pc=0x0000022608a56d5e sp=0x000000e44c4f9fc0 mode 0
Event: 140.259 Thread 0x000002262036c000 DEOPT PACKING pc=0x00000226091828be sp=0x000000e44c4faa90
Event: 140.259 Thread 0x000002262036c000 DEOPT UNPACKING pc=0x0000022608a56d5e sp=0x000000e44c4f9fc0 mode 0
Event: 140.267 Thread 0x0000022620361800 DEOPT PACKING pc=0x000002260b54ef32 sp=0x000000e44c1fa1a0
Event: 140.267 Thread 0x0000022620361800 DEOPT UNPACKING pc=0x0000022608a56d5e sp=0x000000e44c1f97e0 mode 0
Event: 140.267 Thread 0x0000022620368000 DEOPT PACKING pc=0x00000226091828be sp=0x000000e44c2fafe0
Event: 140.267 Thread 0x0000022620368000 DEOPT UNPACKING pc=0x0000022608a56d5e sp=0x000000e44c2fa510 mode 0
Event: 140.275 Executing VM operation: G1CollectForAllocation


Dynamic libraries:
0x00007ff6f10d0000 - 0x00007ff6f10e0000 	C:\Program Files\Java\jdk-11\bin\java.exe
0x00007ffe46210000 - 0x00007ffe46427000 	C:\Windows\SYSTEM32\ntdll.dll
0x00007ffe446f0000 - 0x00007ffe447b4000 	C:\Windows\System32\KERNEL32.DLL
0x00007ffe43ba0000 - 0x00007ffe43f4c000 	C:\Windows\System32\KERNELBASE.dll
0x00007ffe43a80000 - 0x00007ffe43b91000 	C:\Windows\System32\ucrtbase.dll
0x00007ffe25160000 - 0x00007ffe25179000 	C:\Program Files\Java\jdk-11\bin\jli.dll
0x00007ffe43f60000 - 0x00007ffe44012000 	C:\Windows\System32\ADVAPI32.dll
0x00007ffe46120000 - 0x00007ffe461c7000 	C:\Windows\System32\msvcrt.dll
0x00007ffe44640000 - 0x00007ffe446ea000 	C:\Windows\System32\sechost.dll
0x00007ffe1cd40000 - 0x00007ffe1cd5b000 	C:\Program Files\Java\jdk-11\bin\VCRUNTIME140.dll
0x00007ffe43570000 - 0x00007ffe43598000 	C:\Windows\System32\bcrypt.dll
0x00007ffe44340000 - 0x00007ffe44455000 	C:\Windows\System32\RPCRT4.dll
0x00007ffe451a0000 - 0x00007ffe4534e000 	C:\Windows\System32\USER32.dll
0x00007ffe43540000 - 0x00007ffe43566000 	C:\Windows\System32\win32u.dll
0x00007ffe445d0000 - 0x00007ffe445f9000 	C:\Windows\System32\GDI32.dll
0x00007ffe43960000 - 0x00007ffe43a79000 	C:\Windows\System32\gdi32full.dll
0x00007ffe390b0000 - 0x00007ffe39343000 	C:\Windows\WinSxS\amd64_microsoft.windows.common-controls_6595b64144ccf1df_6.0.22621.3672_none_2713b9d173822955\COMCTL32.dll
0x00007ffe438c0000 - 0x00007ffe4395a000 	C:\Windows\System32\msvcp_win.dll
0x00007ffe3c560000 - 0x00007ffe3c56a000 	C:\Windows\SYSTEM32\VERSION.dll
0x00007ffe44600000 - 0x00007ffe44631000 	C:\Windows\System32\IMM32.DLL
0x00007ffe27490000 - 0x00007ffe2749c000 	C:\Program Files\Java\jdk-11\bin\vcruntime140_1.dll
0x00007ffe10ec0000 - 0x00007ffe10f4e000 	C:\Program Files\Java\jdk-11\bin\msvcp140.dll
0x00007ffddaf30000 - 0x00007ffddba9e000 	C:\Program Files\Java\jdk-11\bin\server\jvm.dll
0x00007ffe45180000 - 0x00007ffe45188000 	C:\Windows\System32\PSAPI.DLL
0x00007ffdabb80000 - 0x00007ffdabb89000 	C:\Windows\SYSTEM32\WSOCK32.dll
0x00007ffe45360000 - 0x00007ffe453d1000 	C:\Windows\System32\WS2_32.dll
0x00007ffe3be80000 - 0x00007ffe3beb4000 	C:\Windows\SYSTEM32\WINMM.dll
0x00007ffe42530000 - 0x00007ffe42548000 	C:\Windows\SYSTEM32\kernel.appcore.dll
0x00007ffe27140000 - 0x00007ffe27150000 	C:\Program Files\Java\jdk-11\bin\verify.dll
0x00007ffe40d40000 - 0x00007ffe40f72000 	C:\Windows\SYSTEM32\DBGHELP.DLL
0x00007ffe453e0000 - 0x00007ffe45768000 	C:\Windows\System32\combase.dll
0x00007ffe44020000 - 0x00007ffe440f7000 	C:\Windows\System32\OLEAUT32.dll
0x00007ffe2a970000 - 0x00007ffe2a9a2000 	C:\Windows\SYSTEM32\dbgcore.DLL
0x00007ffe43840000 - 0x00007ffe438bb000 	C:\Windows\System32\bcryptPrimitives.dll
0x00007ffe13de0000 - 0x00007ffe13e08000 	C:\Program Files\Java\jdk-11\bin\java.dll
0x00007ffe27020000 - 0x00007ffe2702a000 	C:\Program Files\Java\jdk-11\bin\jimage.dll
0x00007ffe291f0000 - 0x00007ffe29207000 	C:\Program Files\Java\jdk-11\bin\zip.dll
0x00007ffe44820000 - 0x00007ffe4507c000 	C:\Windows\System32\SHELL32.dll
0x00007ffe41440000 - 0x00007ffe41d37000 	C:\Windows\SYSTEM32\windows.storage.dll
0x00007ffe41300000 - 0x00007ffe4143f000 	C:\Windows\SYSTEM32\wintypes.dll
0x00007ffe45930000 - 0x00007ffe45a24000 	C:\Windows\System32\SHCORE.dll
0x00007ffe44460000 - 0x00007ffe444be000 	C:\Windows\System32\shlwapi.dll
0x00007ffe43470000 - 0x00007ffe43491000 	C:\Windows\SYSTEM32\profapi.dll
0x00007ffe27150000 - 0x00007ffe27169000 	C:\Program Files\Java\jdk-11\bin\net.dll
0x00007ffe3f780000 - 0x00007ffe3f8b6000 	C:\Windows\SYSTEM32\WINHTTP.dll
0x00007ffe429a0000 - 0x00007ffe42a09000 	C:\Windows\system32\mswsock.dll
0x00007ffe1ec40000 - 0x00007ffe1ec52000 	C:\Program Files\Java\jdk-11\bin\nio.dll
0x00007ffde3f80000 - 0x00007ffde3fa7000 	C:\Users\valld\.gradle\native\f6784746aeab05261644944871eae4fe03e0ef1612fff0a4a95f87b438bc6780\windows-amd64\native-platform.dll
0x00007ffe1ec80000 - 0x00007ffe1ec89000 	C:\Program Files\Java\jdk-11\bin\management.dll
0x00007ffe1b6f0000 - 0x00007ffe1b6fb000 	C:\Program Files\Java\jdk-11\bin\management_ext.dll
0x00007ffe42bc0000 - 0x00007ffe42bdb000 	C:\Windows\SYSTEM32\CRYPTSP.dll
0x00007ffe42490000 - 0x00007ffe424c5000 	C:\Windows\system32\rsaenh.dll
0x00007ffe42a40000 - 0x00007ffe42a68000 	C:\Windows\SYSTEM32\USERENV.dll
0x00007ffe42be0000 - 0x00007ffe42bec000 	C:\Windows\SYSTEM32\CRYPTBASE.dll
0x00007ffe41fe0000 - 0x00007ffe4200d000 	C:\Windows\SYSTEM32\IPHLPAPI.DLL
0x00007ffe45190000 - 0x00007ffe45199000 	C:\Windows\System32\NSI.dll
0x00007ffe3f620000 - 0x00007ffe3f639000 	C:\Windows\SYSTEM32\dhcpcsvc6.DLL
0x00007ffe3f5d0000 - 0x00007ffe3f5ef000 	C:\Windows\SYSTEM32\dhcpcsvc.DLL
0x00007ffe42010000 - 0x00007ffe42108000 	C:\Windows\SYSTEM32\DNSAPI.dll
0x00007ffe40390000 - 0x00007ffe4039d000 	C:\Windows\SYSTEM32\WINNSI.DLL

dbghelp: loaded successfully - version: 4.0.5 - missing functions: none
symbol engine: initialized successfully - sym options: 0x614 - pdb path: .;C:\Program Files\Java\jdk-11\bin;C:\Windows\SYSTEM32;C:\Windows\WinSxS\amd64_microsoft.windows.common-controls_6595b64144ccf1df_6.0.22621.3672_none_2713b9d173822955;C:\Program Files\Java\jdk-11\bin\server;C:\Users\valld\.gradle\native\f6784746aeab05261644944871eae4fe03e0ef1612fff0a4a95f87b438bc6780\windows-amd64

VM Arguments:
jvm_args: --add-opens=java.base/java.util=ALL-UNNAMED --add-opens=java.base/java.lang=ALL-UNNAMED --add-opens=java.base/java.lang.invoke=ALL-UNNAMED --add-opens=java.prefs/java.util.prefs=ALL-UNNAMED -XX:MaxMetaspaceSize=256m -XX:+HeapDumpOnOutOfMemoryError -Xms256m -Xmx512m -Dfile.encoding=windows-1252 -Duser.country=ES -Duser.language=es -Duser.variant 
java_command: org.gradle.launcher.daemon.bootstrap.GradleDaemon 6.5
java_class_path (initial): C:\Users\valld\.gradle\wrapper\dists\gradle-6.5-bin\6nifqtx7604sqp1q6g8wikw7p\gradle-6.5\lib\gradle-launcher-6.5.jar
Launcher Type: SUN_STANDARD

[Global flags]
     intx CICompilerCount                          = 4                                         {product} {ergonomic}
   size_t CompressedClassSpaceSize                 = 260046848                                 {product} {ergonomic}
     uint ConcGCThreads                            = 3                                         {product} {ergonomic}
     uint G1ConcRefinementThreads                  = 10                                        {product} {ergonomic}
   size_t G1HeapRegionSize                         = 1048576                                   {product} {ergonomic}
    uintx GCDrainStackTargetSize                   = 64                                        {product} {ergonomic}
     bool HeapDumpOnOutOfMemoryError               = true                                   {manageable} {command line}
   size_t InitialHeapSize                          = 268435456                                 {product} {command line}
   size_t MarkStackSize                            = 4194304                                   {product} {ergonomic}
   size_t MaxHeapSize                              = 536870912                                 {product} {command line}
   size_t MaxMetaspaceSize                         = 268435456                                 {product} {command line}
   size_t MaxNewSize                               = 321912832                                 {product} {ergonomic}
   size_t MinHeapDeltaBytes                        = 1048576                                   {product} {ergonomic}
    uintx NonNMethodCodeHeapSize                   = 5836300                                {pd product} {ergonomic}
    uintx NonProfiledCodeHeapSize                  = 122910970                              {pd product} {ergonomic}
    uintx ProfiledCodeHeapSize                     = 122910970                              {pd product} {ergonomic}
    uintx ReservedCodeCacheSize                    = 251658240                              {pd product} {ergonomic}
     bool SegmentedCodeCache                       = true                                      {product} {ergonomic}
     bool UseCompressedClassPointers               = true                                 {lp64_product} {ergonomic}
     bool UseCompressedOops                        = true                                 {lp64_product} {ergonomic}
     bool UseG1GC                                  = true                                      {product} {ergonomic}
     bool UseLargePagesIndividualAllocation        = false                                  {pd product} {ergonomic}

Logging:
Log output configuration:
 #0: stdout all=warning uptime,level,tags
 #1: stderr all=off uptime,level,tags

Environment Variables:
PATH=C:\Program Files\Microsoft\jdk-11.0.23.9-hotspot\bin;C:\Python312\Scripts\;C:\Python312\;C:\Program Files\Common Files\Oracle\Java\javapath;C:\Windows\system32;C:\Windows;C:\Windows\System32\Wbem;C:\Windows\System32\WindowsPowerShell\v1.0\;C:\Windows\System32\OpenSSH\;C:\Program Files\Docker\Docker\resources\bin;C:\Program Files\Git\cmd;C:\Program Files\Docker\Docker;C:\ProgramData\chocolatey\bin;C:\Users\valld\AppData\Roaming\nvm;C:\Program Files\nodejs;C:\Users\valld\AppData\Roaming\nvm;C:\Program Files\nodejs;C:\opt\apache-maven-3.9.6\bin;C:\Program Files (x86)\Vagrant\bin;C:\Users\valld\AppData\Local\Microsoft\WindowsApps;C:\Users\valld\AppData\Local\Programs\Microsoft VS Code\bin;C:\Program Files\Docker\Docker;C:\Users\valld\AppData\Roaming\nvm;C:\Program Files\nodejs;C:\Users\valld\AppData\Roaming\nvm;C:\opt\apache-maven-3.9.6\bin;C:\Users\valld\AppData\Local\atom\bin
USERNAME=valld
OS=Windows_NT
PROCESSOR_IDENTIFIER=Intel64 Family 6 Model 154 Stepping 4, GenuineIntel



---------------  S Y S T E M  ---------------

OS: Windows 11 , 64 bit Build 22621 (10.0.22621.3672)
Hyper-V role detected

CPU:total 12 (initial active 12) (6 cores per cpu, 2 threads per core) family 6 model 154 stepping 4 microcode 0x42c, cmov, cx8, fxsr, mmx, sse, sse2, sse3, ssse3, sse4.1, sse4.2, popcnt, avx, avx2, aes, clmul, erms, 3dnowpref, lzcnt, ht, tsc, tscinvbit, bmi1, bmi2, adx, sha, fma

Memory: 4k page, system-wide physical 16069M (490M free)
TotalPageFile size 65221M (AvailPageFile size 46M)
current process WorkingSet (physical memory assigned to process): 668M, peak: 695M
current process commit charge ("private bytes"): 742M, peak: 778M

vm_info: Java HotSpot(TM) 64-Bit Server VM (11.0.22+9-LTS-219) for windows-amd64 JRE (11.0.22+9-LTS-219), built on Dec 19 2023 22:08:21 by "mach5one" with MS VC++ 17.1 (VS2022)

END.
